zodiac@owgrant:/mnt/d/mygit/Infrastructure-as-a-code/test$ go test -v ./ -timeout 30m -folder 'b1g7a8t1n2r7kej2q8rl' -ssh-key-pass '/home/zodiac/.ssh/otus'
=== RUN   TestEndToEndDeploymentScenario
TestEndToEndDeploymentScenario 2025-12-08T13:45:13+03:00 test_structure.go:27: The 'SKIP_setup' environment variable is not set, so executing stage 'setup'.
TestEndToEndDeploymentScenario 2025-12-08T13:45:13+03:00 save_test_data.go:197: Storing test data in ../.test-data/TerraformOptions.json so it can be reused later
TestEndToEndDeploymentScenario 2025-12-08T13:45:13+03:00 save_test_data.go:201: [WARNING] The named test data at path ../.test-data/TerraformOptions.json is non-empty. Save operation will overwrite existing value with "&{ ../ map[create_network:true network_id: yc_folder:b1g7a8t1n2r7kej2q8rl] [] [] false  map[] map[] map[] 0 0s false false false false <nil> false 0 <nil> 0   false}".
.
TestEndToEndDeploymentScenario 2025-12-08T13:45:13+03:00 save_test_data.go:213: Marshalled JSON: {"TerraformBinary":"","TerraformDir":"../","Vars":{"create_network":true,"network_id":"","yc_folder":"b1g7a8t1n2r7kej2q8rl"},"VarFiles":null,"Targets":null,"Lock":false,"LockTimeout":"","EnvVars":null,"BackendConfig":null,"RetryableTerraformErrors":null,"MaxRetries":0,"TimeBetweenRetries":0,"Upgrade":false,"Reconfigure":false,"MigrateState":false,"NoColor":false,"SshAgent":null,"NoStderr":false,"OutputMaxLineSize":0,"Logger":null,"Parallelism":0,"PlanFilePath":"","PluginDir":"","SetVarsAfterVarFiles":false}
TestEndToEndDeploymentScenario 2025-12-08T13:45:13+03:00 retry.go:91: terraform [init -upgrade=false]
TestEndToEndDeploymentScenario 2025-12-08T13:45:13+03:00 logger.go:66: Running command terraform with args [init -upgrade=false]
TestEndToEndDeploymentScenario 2025-12-08T13:45:13+03:00 logger.go:66: Initializing the backend...
TestEndToEndDeploymentScenario 2025-12-08T13:45:14+03:00 logger.go:66: Initializing provider plugins...
TestEndToEndDeploymentScenario 2025-12-08T13:45:14+03:00 logger.go:66: - Reusing previous version of yandex-cloud/yandex from the dependency lock file
TestEndToEndDeploymentScenario 2025-12-08T13:45:15+03:00 logger.go:66: - Using previously-installed yandex-cloud/yandex v0.172.0
TestEndToEndDeploymentScenario 2025-12-08T13:45:15+03:00 logger.go:66: 
TestEndToEndDeploymentScenario 2025-12-08T13:45:15+03:00 logger.go:66: Terraform has been successfully initialized!
TestEndToEndDeploymentScenario 2025-12-08T13:45:15+03:00 logger.go:66: 
TestEndToEndDeploymentScenario 2025-12-08T13:45:15+03:00 logger.go:66: You may now begin working with Terraform. Try running "terraform plan" to see
TestEndToEndDeploymentScenario 2025-12-08T13:45:15+03:00 logger.go:66: any changes that are required for your infrastructure. All Terraform commands
TestEndToEndDeploymentScenario 2025-12-08T13:45:15+03:00 logger.go:66: should now work.
TestEndToEndDeploymentScenario 2025-12-08T13:45:15+03:00 logger.go:66: 
TestEndToEndDeploymentScenario 2025-12-08T13:45:15+03:00 logger.go:66: If you ever set or change modules or backend configuration for Terraform,
TestEndToEndDeploymentScenario 2025-12-08T13:45:15+03:00 logger.go:66: rerun this command to reinitialize your working directory. If you forget, other
TestEndToEndDeploymentScenario 2025-12-08T13:45:15+03:00 logger.go:66: commands will detect it and remind you to do so if necessary.
TestEndToEndDeploymentScenario 2025-12-08T13:45:15+03:00 retry.go:91: terraform [apply -input=false -auto-approve -var yc_folder=b1g7a8t1n2r7kej2q8rl -var create_network=true -var network_id= -lock=false]
TestEndToEndDeploymentScenario 2025-12-08T13:45:15+03:00 logger.go:66: Running command terraform with args [apply -input=false -auto-approve -var yc_folder=b1g7a8t1n2r7kej2q8rl -var create_network=true -var network_id= -lock=false]
TestEndToEndDeploymentScenario 2025-12-08T13:45:18+03:00 logger.go:66: 
TestEndToEndDeploymentScenario 2025-12-08T13:45:18+03:00 logger.go:66: Terraform used the selected providers to generate the following execution
TestEndToEndDeploymentScenario 2025-12-08T13:45:18+03:00 logger.go:66: plan. Resource actions are indicated with the following symbols:
TestEndToEndDeploymentScenario 2025-12-08T13:45:18+03:00 logger.go:66:   + create
TestEndToEndDeploymentScenario 2025-12-08T13:45:18+03:00 logger.go:66: 
TestEndToEndDeploymentScenario 2025-12-08T13:45:18+03:00 logger.go:66: Terraform will perform the following actions:
TestEndToEndDeploymentScenario 2025-12-08T13:45:18+03:00 logger.go:66: 
TestEndToEndDeploymentScenario 2025-12-08T13:45:18+03:00 logger.go:66:   # yandex_compute_instance.wp-app-1 will be created
TestEndToEndDeploymentScenario 2025-12-08T13:45:18+03:00 logger.go:66:   + resource "yandex_compute_instance" "wp-app-1" {
TestEndToEndDeploymentScenario 2025-12-08T13:45:18+03:00 logger.go:66:       + created_at                = (known after apply)
TestEndToEndDeploymentScenario 2025-12-08T13:45:18+03:00 logger.go:66:       + folder_id                 = (known after apply)
TestEndToEndDeploymentScenario 2025-12-08T13:45:18+03:00 logger.go:66:       + fqdn                      = (known after apply)
TestEndToEndDeploymentScenario 2025-12-08T13:45:18+03:00 logger.go:66:       + gpu_cluster_id            = (known after apply)
TestEndToEndDeploymentScenario 2025-12-08T13:45:18+03:00 logger.go:66:       + hardware_generation       = (known after apply)
TestEndToEndDeploymentScenario 2025-12-08T13:45:18+03:00 logger.go:66:       + hostname                  = (known after apply)
TestEndToEndDeploymentScenario 2025-12-08T13:45:18+03:00 logger.go:66:       + id                        = (known after apply)
TestEndToEndDeploymentScenario 2025-12-08T13:45:18+03:00 logger.go:66:       + maintenance_grace_period  = (known after apply)
TestEndToEndDeploymentScenario 2025-12-08T13:45:18+03:00 logger.go:66:       + maintenance_policy        = (known after apply)
TestEndToEndDeploymentScenario 2025-12-08T13:45:18+03:00 logger.go:66:       + metadata                  = {
TestEndToEndDeploymentScenario 2025-12-08T13:45:18+03:00 logger.go:66:           + "ssh-keys" = <<-EOT
TestEndToEndDeploymentScenario 2025-12-08T13:45:18+03:00 logger.go:66:                 zodiac:ssh-ed25519 AAAAC3NzaC1lZDI1NTE5AAAAID0rnf1HQQsnE9a3AGgRuy0qZevnBV/7fHdqdgha9CBf zodiac@owgrant
TestEndToEndDeploymentScenario 2025-12-08T13:45:18+03:00 logger.go:66:             EOT
TestEndToEndDeploymentScenario 2025-12-08T13:45:18+03:00 logger.go:66:         }
TestEndToEndDeploymentScenario 2025-12-08T13:45:18+03:00 logger.go:66:       + name                      = "wp-app-1"
TestEndToEndDeploymentScenario 2025-12-08T13:45:18+03:00 logger.go:66:       + network_acceleration_type = "standard"
TestEndToEndDeploymentScenario 2025-12-08T13:45:18+03:00 logger.go:66:       + platform_id               = "standard-v1"
TestEndToEndDeploymentScenario 2025-12-08T13:45:18+03:00 logger.go:66:       + status                    = (known after apply)
TestEndToEndDeploymentScenario 2025-12-08T13:45:18+03:00 logger.go:66:       + zone                      = "ru-central1-a"
TestEndToEndDeploymentScenario 2025-12-08T13:45:18+03:00 logger.go:66: 
TestEndToEndDeploymentScenario 2025-12-08T13:45:18+03:00 logger.go:66:       + boot_disk {
TestEndToEndDeploymentScenario 2025-12-08T13:45:18+03:00 logger.go:66:           + auto_delete = true
TestEndToEndDeploymentScenario 2025-12-08T13:45:18+03:00 logger.go:66:           + device_name = (known after apply)
TestEndToEndDeploymentScenario 2025-12-08T13:45:18+03:00 logger.go:66:           + disk_id     = (known after apply)
TestEndToEndDeploymentScenario 2025-12-08T13:45:18+03:00 logger.go:66:           + mode        = (known after apply)
TestEndToEndDeploymentScenario 2025-12-08T13:45:18+03:00 logger.go:66:
TestEndToEndDeploymentScenario 2025-12-08T13:45:18+03:00 logger.go:66:           + initialize_params {
TestEndToEndDeploymentScenario 2025-12-08T13:45:18+03:00 logger.go:66:               + block_size  = (known after apply)
TestEndToEndDeploymentScenario 2025-12-08T13:45:18+03:00 logger.go:66:               + description = (known after apply)
TestEndToEndDeploymentScenario 2025-12-08T13:45:18+03:00 logger.go:66:               + image_id    = "fd80viupr3qjr5g6g9du"
TestEndToEndDeploymentScenario 2025-12-08T13:45:18+03:00 logger.go:66:               + name        = (known after apply)
TestEndToEndDeploymentScenario 2025-12-08T13:45:18+03:00 logger.go:66:               + size        = (known after apply)
TestEndToEndDeploymentScenario 2025-12-08T13:45:18+03:00 logger.go:66:               + snapshot_id = (known after apply)
TestEndToEndDeploymentScenario 2025-12-08T13:45:18+03:00 logger.go:66:               + type        = "network-hdd"
TestEndToEndDeploymentScenario 2025-12-08T13:45:18+03:00 logger.go:66:             }
TestEndToEndDeploymentScenario 2025-12-08T13:45:18+03:00 logger.go:66:         }
TestEndToEndDeploymentScenario 2025-12-08T13:45:18+03:00 logger.go:66:
TestEndToEndDeploymentScenario 2025-12-08T13:45:18+03:00 logger.go:66:       + metadata_options (known after apply)
TestEndToEndDeploymentScenario 2025-12-08T13:45:18+03:00 logger.go:66:
TestEndToEndDeploymentScenario 2025-12-08T13:45:18+03:00 logger.go:66:       + network_interface {
TestEndToEndDeploymentScenario 2025-12-08T13:45:18+03:00 logger.go:66:           + index          = (known after apply)
TestEndToEndDeploymentScenario 2025-12-08T13:45:18+03:00 logger.go:66:           + ip_address     = (known after apply)
TestEndToEndDeploymentScenario 2025-12-08T13:45:18+03:00 logger.go:66:           + ipv4           = true
TestEndToEndDeploymentScenario 2025-12-08T13:45:18+03:00 logger.go:66:           + ipv6           = (known after apply)
TestEndToEndDeploymentScenario 2025-12-08T13:45:18+03:00 logger.go:66:           + ipv6_address   = (known after apply)
TestEndToEndDeploymentScenario 2025-12-08T13:45:18+03:00 logger.go:66:           + mac_address    = (known after apply)
TestEndToEndDeploymentScenario 2025-12-08T13:45:18+03:00 logger.go:66:           + nat            = true
TestEndToEndDeploymentScenario 2025-12-08T13:45:18+03:00 logger.go:66:           + nat_ip_address = (known after apply)
TestEndToEndDeploymentScenario 2025-12-08T13:45:18+03:00 logger.go:66:           + nat_ip_version = (known after apply)
TestEndToEndDeploymentScenario 2025-12-08T13:45:18+03:00 logger.go:66:           + subnet_id      = (known after apply)
TestEndToEndDeploymentScenario 2025-12-08T13:45:18+03:00 logger.go:66:         }
TestEndToEndDeploymentScenario 2025-12-08T13:45:18+03:00 logger.go:66:
TestEndToEndDeploymentScenario 2025-12-08T13:45:18+03:00 logger.go:66:       + placement_policy (known after apply)
TestEndToEndDeploymentScenario 2025-12-08T13:45:18+03:00 logger.go:66:
TestEndToEndDeploymentScenario 2025-12-08T13:45:18+03:00 logger.go:66:       + resources {
TestEndToEndDeploymentScenario 2025-12-08T13:45:18+03:00 logger.go:66:           + core_fraction = 100
TestEndToEndDeploymentScenario 2025-12-08T13:45:18+03:00 logger.go:66:           + cores         = 2
TestEndToEndDeploymentScenario 2025-12-08T13:45:18+03:00 logger.go:66:           + memory        = 2
TestEndToEndDeploymentScenario 2025-12-08T13:45:18+03:00 logger.go:66:         }
TestEndToEndDeploymentScenario 2025-12-08T13:45:18+03:00 logger.go:66:
TestEndToEndDeploymentScenario 2025-12-08T13:45:18+03:00 logger.go:66:       + scheduling_policy (known after apply)
TestEndToEndDeploymentScenario 2025-12-08T13:45:18+03:00 logger.go:66:     }
TestEndToEndDeploymentScenario 2025-12-08T13:45:18+03:00 logger.go:66:
TestEndToEndDeploymentScenario 2025-12-08T13:45:18+03:00 logger.go:66:   # yandex_compute_instance.wp-app-2 will be created
TestEndToEndDeploymentScenario 2025-12-08T13:45:18+03:00 logger.go:66:   + resource "yandex_compute_instance" "wp-app-2" {
TestEndToEndDeploymentScenario 2025-12-08T13:45:18+03:00 logger.go:66:       + created_at                = (known after apply)
TestEndToEndDeploymentScenario 2025-12-08T13:45:18+03:00 logger.go:66:       + folder_id                 = (known after apply)
TestEndToEndDeploymentScenario 2025-12-08T13:45:18+03:00 logger.go:66:       + fqdn                      = (known after apply)
TestEndToEndDeploymentScenario 2025-12-08T13:45:18+03:00 logger.go:66:       + gpu_cluster_id            = (known after apply)
TestEndToEndDeploymentScenario 2025-12-08T13:45:18+03:00 logger.go:66:       + hardware_generation       = (known after apply)
TestEndToEndDeploymentScenario 2025-12-08T13:45:18+03:00 logger.go:66:       + hostname                  = (known after apply)
TestEndToEndDeploymentScenario 2025-12-08T13:45:18+03:00 logger.go:66:       + id                        = (known after apply)
TestEndToEndDeploymentScenario 2025-12-08T13:45:18+03:00 logger.go:66:       + maintenance_grace_period  = (known after apply)
TestEndToEndDeploymentScenario 2025-12-08T13:45:18+03:00 logger.go:66:       + maintenance_policy        = (known after apply)
TestEndToEndDeploymentScenario 2025-12-08T13:45:18+03:00 logger.go:66:       + metadata                  = {
TestEndToEndDeploymentScenario 2025-12-08T13:45:18+03:00 logger.go:66:           + "ssh-keys" = <<-EOT
TestEndToEndDeploymentScenario 2025-12-08T13:45:18+03:00 logger.go:66:                 zodiac:ssh-ed25519 AAAAC3NzaC1lZDI1NTE5AAAAID0rnf1HQQsnE9a3AGgRuy0qZevnBV/7fHdqdgha9CBf zodiac@owgrant
TestEndToEndDeploymentScenario 2025-12-08T13:45:18+03:00 logger.go:66:             EOT
TestEndToEndDeploymentScenario 2025-12-08T13:45:18+03:00 logger.go:66:         }
TestEndToEndDeploymentScenario 2025-12-08T13:45:18+03:00 logger.go:66:       + name                      = "wp-app-2"
TestEndToEndDeploymentScenario 2025-12-08T13:45:18+03:00 logger.go:66:       + network_acceleration_type = "standard"
TestEndToEndDeploymentScenario 2025-12-08T13:45:18+03:00 logger.go:66:       + platform_id               = "standard-v1"
TestEndToEndDeploymentScenario 2025-12-08T13:45:18+03:00 logger.go:66:       + status                    = (known after apply)
TestEndToEndDeploymentScenario 2025-12-08T13:45:18+03:00 logger.go:66:       + zone                      = "ru-central1-b"
TestEndToEndDeploymentScenario 2025-12-08T13:45:18+03:00 logger.go:66:
TestEndToEndDeploymentScenario 2025-12-08T13:45:18+03:00 logger.go:66:       + boot_disk {
TestEndToEndDeploymentScenario 2025-12-08T13:45:18+03:00 logger.go:66:           + auto_delete = true
TestEndToEndDeploymentScenario 2025-12-08T13:45:18+03:00 logger.go:66:           + device_name = (known after apply)
TestEndToEndDeploymentScenario 2025-12-08T13:45:18+03:00 logger.go:66:           + disk_id     = (known after apply)
TestEndToEndDeploymentScenario 2025-12-08T13:45:18+03:00 logger.go:66:           + mode        = (known after apply)
TestEndToEndDeploymentScenario 2025-12-08T13:45:18+03:00 logger.go:66:
TestEndToEndDeploymentScenario 2025-12-08T13:45:18+03:00 logger.go:66:           + initialize_params {
TestEndToEndDeploymentScenario 2025-12-08T13:45:18+03:00 logger.go:66:               + block_size  = (known after apply)
TestEndToEndDeploymentScenario 2025-12-08T13:45:18+03:00 logger.go:66:               + description = (known after apply)
TestEndToEndDeploymentScenario 2025-12-08T13:45:18+03:00 logger.go:66:               + image_id    = "fd80viupr3qjr5g6g9du"
TestEndToEndDeploymentScenario 2025-12-08T13:45:18+03:00 logger.go:66:               + name        = (known after apply)
TestEndToEndDeploymentScenario 2025-12-08T13:45:18+03:00 logger.go:66:               + size        = (known after apply)
TestEndToEndDeploymentScenario 2025-12-08T13:45:18+03:00 logger.go:66:               + snapshot_id = (known after apply)
TestEndToEndDeploymentScenario 2025-12-08T13:45:18+03:00 logger.go:66:               + type        = "network-hdd"
TestEndToEndDeploymentScenario 2025-12-08T13:45:18+03:00 logger.go:66:             }
TestEndToEndDeploymentScenario 2025-12-08T13:45:18+03:00 logger.go:66:         }
TestEndToEndDeploymentScenario 2025-12-08T13:45:18+03:00 logger.go:66:
TestEndToEndDeploymentScenario 2025-12-08T13:45:18+03:00 logger.go:66:       + metadata_options (known after apply)
TestEndToEndDeploymentScenario 2025-12-08T13:45:18+03:00 logger.go:66:
TestEndToEndDeploymentScenario 2025-12-08T13:45:18+03:00 logger.go:66:       + network_interface {
TestEndToEndDeploymentScenario 2025-12-08T13:45:18+03:00 logger.go:66:           + index          = (known after apply)
TestEndToEndDeploymentScenario 2025-12-08T13:45:18+03:00 logger.go:66:           + ip_address     = (known after apply)
TestEndToEndDeploymentScenario 2025-12-08T13:45:18+03:00 logger.go:66:           + ipv4           = true
TestEndToEndDeploymentScenario 2025-12-08T13:45:18+03:00 logger.go:66:           + ipv6           = (known after apply)
TestEndToEndDeploymentScenario 2025-12-08T13:45:18+03:00 logger.go:66:           + ipv6_address   = (known after apply)
TestEndToEndDeploymentScenario 2025-12-08T13:45:18+03:00 logger.go:66:           + mac_address    = (known after apply)
TestEndToEndDeploymentScenario 2025-12-08T13:45:18+03:00 logger.go:66:           + nat            = true
TestEndToEndDeploymentScenario 2025-12-08T13:45:18+03:00 logger.go:66:           + nat_ip_address = (known after apply)
TestEndToEndDeploymentScenario 2025-12-08T13:45:18+03:00 logger.go:66:           + nat_ip_version = (known after apply)
TestEndToEndDeploymentScenario 2025-12-08T13:45:18+03:00 logger.go:66:           + subnet_id      = (known after apply)
TestEndToEndDeploymentScenario 2025-12-08T13:45:18+03:00 logger.go:66:         }
TestEndToEndDeploymentScenario 2025-12-08T13:45:18+03:00 logger.go:66:
TestEndToEndDeploymentScenario 2025-12-08T13:45:18+03:00 logger.go:66:       + placement_policy (known after apply)
TestEndToEndDeploymentScenario 2025-12-08T13:45:18+03:00 logger.go:66:
TestEndToEndDeploymentScenario 2025-12-08T13:45:18+03:00 logger.go:66:       + resources {
TestEndToEndDeploymentScenario 2025-12-08T13:45:18+03:00 logger.go:66:           + core_fraction = 100
TestEndToEndDeploymentScenario 2025-12-08T13:45:18+03:00 logger.go:66:           + cores         = 2
TestEndToEndDeploymentScenario 2025-12-08T13:45:18+03:00 logger.go:66:           + memory        = 2
TestEndToEndDeploymentScenario 2025-12-08T13:45:18+03:00 logger.go:66:         }
TestEndToEndDeploymentScenario 2025-12-08T13:45:18+03:00 logger.go:66:
TestEndToEndDeploymentScenario 2025-12-08T13:45:18+03:00 logger.go:66:       + scheduling_policy (known after apply)
TestEndToEndDeploymentScenario 2025-12-08T13:45:18+03:00 logger.go:66:     }
TestEndToEndDeploymentScenario 2025-12-08T13:45:18+03:00 logger.go:66:
TestEndToEndDeploymentScenario 2025-12-08T13:45:18+03:00 logger.go:66:   # yandex_lb_network_load_balancer.wp_lb will be created
TestEndToEndDeploymentScenario 2025-12-08T13:45:18+03:00 logger.go:66:   + resource "yandex_lb_network_load_balancer" "wp_lb" {
TestEndToEndDeploymentScenario 2025-12-08T13:45:18+03:00 logger.go:66:       + allow_zonal_shift   = (known after apply)
TestEndToEndDeploymentScenario 2025-12-08T13:45:18+03:00 logger.go:66:       + created_at          = (known after apply)
TestEndToEndDeploymentScenario 2025-12-08T13:45:18+03:00 logger.go:66:       + deletion_protection = (known after apply)
TestEndToEndDeploymentScenario 2025-12-08T13:45:18+03:00 logger.go:66:       + folder_id           = (known after apply)
TestEndToEndDeploymentScenario 2025-12-08T13:45:18+03:00 logger.go:66:       + id                  = (known after apply)
TestEndToEndDeploymentScenario 2025-12-08T13:45:18+03:00 logger.go:66:       + name                = "wp-network-load-balancer"
TestEndToEndDeploymentScenario 2025-12-08T13:45:18+03:00 logger.go:66:       + region_id           = (known after apply)
TestEndToEndDeploymentScenario 2025-12-08T13:45:18+03:00 logger.go:66:       + type                = "external"
TestEndToEndDeploymentScenario 2025-12-08T13:45:18+03:00 logger.go:66:
TestEndToEndDeploymentScenario 2025-12-08T13:45:18+03:00 logger.go:66:       + attached_target_group {
TestEndToEndDeploymentScenario 2025-12-08T13:45:18+03:00 logger.go:66:           + target_group_id = (known after apply)
TestEndToEndDeploymentScenario 2025-12-08T13:45:18+03:00 logger.go:66:
TestEndToEndDeploymentScenario 2025-12-08T13:45:18+03:00 logger.go:66:           + healthcheck {
TestEndToEndDeploymentScenario 2025-12-08T13:45:18+03:00 logger.go:66:               + healthy_threshold   = 2
TestEndToEndDeploymentScenario 2025-12-08T13:45:18+03:00 logger.go:66:               + interval            = 2
TestEndToEndDeploymentScenario 2025-12-08T13:45:18+03:00 logger.go:66:               + name                = "http"
TestEndToEndDeploymentScenario 2025-12-08T13:45:18+03:00 logger.go:66:               + timeout             = 1
TestEndToEndDeploymentScenario 2025-12-08T13:45:18+03:00 logger.go:66:               + unhealthy_threshold = 2
TestEndToEndDeploymentScenario 2025-12-08T13:45:18+03:00 logger.go:66:
TestEndToEndDeploymentScenario 2025-12-08T13:45:18+03:00 logger.go:66:               + http_options {
TestEndToEndDeploymentScenario 2025-12-08T13:45:18+03:00 logger.go:66:                   + path = "/health"
TestEndToEndDeploymentScenario 2025-12-08T13:45:18+03:00 logger.go:66:                   + port = 80
TestEndToEndDeploymentScenario 2025-12-08T13:45:18+03:00 logger.go:66:                 }
TestEndToEndDeploymentScenario 2025-12-08T13:45:18+03:00 logger.go:66:             }
TestEndToEndDeploymentScenario 2025-12-08T13:45:18+03:00 logger.go:66:         }
TestEndToEndDeploymentScenario 2025-12-08T13:45:18+03:00 logger.go:66:
TestEndToEndDeploymentScenario 2025-12-08T13:45:18+03:00 logger.go:66:       + listener {
TestEndToEndDeploymentScenario 2025-12-08T13:45:18+03:00 logger.go:66:           + name        = "wp-listener"
TestEndToEndDeploymentScenario 2025-12-08T13:45:18+03:00 logger.go:66:           + port        = 80
TestEndToEndDeploymentScenario 2025-12-08T13:45:18+03:00 logger.go:66:           + protocol    = (known after apply)
TestEndToEndDeploymentScenario 2025-12-08T13:45:18+03:00 logger.go:66:           + target_port = (known after apply)
TestEndToEndDeploymentScenario 2025-12-08T13:45:18+03:00 logger.go:66:
TestEndToEndDeploymentScenario 2025-12-08T13:45:18+03:00 logger.go:66:           + external_address_spec {
TestEndToEndDeploymentScenario 2025-12-08T13:45:18+03:00 logger.go:66:               + address    = (known after apply)
TestEndToEndDeploymentScenario 2025-12-08T13:45:18+03:00 logger.go:66:               + ip_version = "ipv4"
TestEndToEndDeploymentScenario 2025-12-08T13:45:18+03:00 logger.go:66:             }
TestEndToEndDeploymentScenario 2025-12-08T13:45:18+03:00 logger.go:66:         }
TestEndToEndDeploymentScenario 2025-12-08T13:45:18+03:00 logger.go:66:     }
TestEndToEndDeploymentScenario 2025-12-08T13:45:18+03:00 logger.go:66:
TestEndToEndDeploymentScenario 2025-12-08T13:45:18+03:00 logger.go:66:   # yandex_lb_target_group.wp_tg will be created
TestEndToEndDeploymentScenario 2025-12-08T13:45:18+03:00 logger.go:66:   + resource "yandex_lb_target_group" "wp_tg" {
TestEndToEndDeploymentScenario 2025-12-08T13:45:18+03:00 logger.go:66:       + created_at      = (known after apply)
TestEndToEndDeploymentScenario 2025-12-08T13:45:18+03:00 logger.go:66:       + description     = (known after apply)
TestEndToEndDeploymentScenario 2025-12-08T13:45:18+03:00 logger.go:66:       + folder_id       = (known after apply)
TestEndToEndDeploymentScenario 2025-12-08T13:45:18+03:00 logger.go:66:       + id              = (known after apply)
TestEndToEndDeploymentScenario 2025-12-08T13:45:18+03:00 logger.go:66:       + labels          = (known after apply)
TestEndToEndDeploymentScenario 2025-12-08T13:45:18+03:00 logger.go:66:       + name            = "wp-target-group"
TestEndToEndDeploymentScenario 2025-12-08T13:45:18+03:00 logger.go:66:       + region_id       = (known after apply)
TestEndToEndDeploymentScenario 2025-12-08T13:45:18+03:00 logger.go:66:       + target_group_id = (known after apply)
TestEndToEndDeploymentScenario 2025-12-08T13:45:18+03:00 logger.go:66:
TestEndToEndDeploymentScenario 2025-12-08T13:45:18+03:00 logger.go:66:       + target {
TestEndToEndDeploymentScenario 2025-12-08T13:45:18+03:00 logger.go:66:           + address   = (known after apply)
TestEndToEndDeploymentScenario 2025-12-08T13:45:18+03:00 logger.go:66:           + subnet_id = (known after apply)
TestEndToEndDeploymentScenario 2025-12-08T13:45:18+03:00 logger.go:66:         }
TestEndToEndDeploymentScenario 2025-12-08T13:45:18+03:00 logger.go:66:       + target {
TestEndToEndDeploymentScenario 2025-12-08T13:45:18+03:00 logger.go:66:           + address   = (known after apply)
TestEndToEndDeploymentScenario 2025-12-08T13:45:18+03:00 logger.go:66:           + subnet_id = (known after apply)
TestEndToEndDeploymentScenario 2025-12-08T13:45:18+03:00 logger.go:66:         }
TestEndToEndDeploymentScenario 2025-12-08T13:45:18+03:00 logger.go:66:     }
TestEndToEndDeploymentScenario 2025-12-08T13:45:18+03:00 logger.go:66:
TestEndToEndDeploymentScenario 2025-12-08T13:45:18+03:00 logger.go:66:   # yandex_mdb_mysql_cluster.wp_mysql will be created
TestEndToEndDeploymentScenario 2025-12-08T13:45:18+03:00 logger.go:66:   + resource "yandex_mdb_mysql_cluster" "wp_mysql" {
TestEndToEndDeploymentScenario 2025-12-08T13:45:18+03:00 logger.go:66:       + allow_regeneration_host   = false
TestEndToEndDeploymentScenario 2025-12-08T13:45:18+03:00 logger.go:66:       + backup_retain_period_days = (known after apply)
TestEndToEndDeploymentScenario 2025-12-08T13:45:18+03:00 logger.go:66:       + created_at                = (known after apply)
TestEndToEndDeploymentScenario 2025-12-08T13:45:18+03:00 logger.go:66:       + deletion_protection       = (known after apply)
TestEndToEndDeploymentScenario 2025-12-08T13:45:18+03:00 logger.go:66:       + disk_encryption_key_id    = (known after apply)
TestEndToEndDeploymentScenario 2025-12-08T13:45:18+03:00 logger.go:66:       + environment               = "PRODUCTION"
TestEndToEndDeploymentScenario 2025-12-08T13:45:18+03:00 logger.go:66:       + folder_id                 = "b1g7a8t1n2r7kej2q8rl"
TestEndToEndDeploymentScenario 2025-12-08T13:45:18+03:00 logger.go:66:       + health                    = (known after apply)
TestEndToEndDeploymentScenario 2025-12-08T13:45:18+03:00 logger.go:66:       + host_group_ids            = (known after apply)
TestEndToEndDeploymentScenario 2025-12-08T13:45:18+03:00 logger.go:66:       + id                        = (known after apply)
TestEndToEndDeploymentScenario 2025-12-08T13:45:18+03:00 logger.go:66:       + mysql_config              = (known after apply)
TestEndToEndDeploymentScenario 2025-12-08T13:45:18+03:00 logger.go:66:       + name                      = "wp-mysql"
TestEndToEndDeploymentScenario 2025-12-08T13:45:18+03:00 logger.go:66:       + network_id                = (known after apply)
TestEndToEndDeploymentScenario 2025-12-08T13:45:18+03:00 logger.go:66:       + status                    = (known after apply)
TestEndToEndDeploymentScenario 2025-12-08T13:45:18+03:00 logger.go:66:       + version                   = "8.0"
TestEndToEndDeploymentScenario 2025-12-08T13:45:18+03:00 logger.go:66:
TestEndToEndDeploymentScenario 2025-12-08T13:45:18+03:00 logger.go:66:       + access (known after apply)
TestEndToEndDeploymentScenario 2025-12-08T13:45:18+03:00 logger.go:66:
TestEndToEndDeploymentScenario 2025-12-08T13:45:18+03:00 logger.go:66:       + backup_window_start (known after apply)
TestEndToEndDeploymentScenario 2025-12-08T13:45:18+03:00 logger.go:66:
TestEndToEndDeploymentScenario 2025-12-08T13:45:18+03:00 logger.go:66:       + disk_size_autoscaling (known after apply)
TestEndToEndDeploymentScenario 2025-12-08T13:45:18+03:00 logger.go:66:
TestEndToEndDeploymentScenario 2025-12-08T13:45:18+03:00 logger.go:66:       + host {
TestEndToEndDeploymentScenario 2025-12-08T13:45:18+03:00 logger.go:66:           + assign_public_ip   = true
TestEndToEndDeploymentScenario 2025-12-08T13:45:18+03:00 logger.go:66:           + fqdn               = (known after apply)
TestEndToEndDeploymentScenario 2025-12-08T13:45:18+03:00 logger.go:66:           + replication_source = (known after apply)
TestEndToEndDeploymentScenario 2025-12-08T13:45:18+03:00 logger.go:66:           + subnet_id          = (known after apply)
TestEndToEndDeploymentScenario 2025-12-08T13:45:18+03:00 logger.go:66:           + zone               = "ru-central1-a"
TestEndToEndDeploymentScenario 2025-12-08T13:45:18+03:00 logger.go:66:         }
TestEndToEndDeploymentScenario 2025-12-08T13:45:18+03:00 logger.go:66:       + host {
TestEndToEndDeploymentScenario 2025-12-08T13:45:18+03:00 logger.go:66:           + assign_public_ip   = true
TestEndToEndDeploymentScenario 2025-12-08T13:45:18+03:00 logger.go:66:           + fqdn               = (known after apply)
TestEndToEndDeploymentScenario 2025-12-08T13:45:18+03:00 logger.go:66:           + replication_source = (known after apply)
TestEndToEndDeploymentScenario 2025-12-08T13:45:18+03:00 logger.go:66:           + subnet_id          = (known after apply)
TestEndToEndDeploymentScenario 2025-12-08T13:45:18+03:00 logger.go:66:           + zone               = "ru-central1-b"
TestEndToEndDeploymentScenario 2025-12-08T13:45:18+03:00 logger.go:66:         }
TestEndToEndDeploymentScenario 2025-12-08T13:45:18+03:00 logger.go:66:
TestEndToEndDeploymentScenario 2025-12-08T13:45:18+03:00 logger.go:66:       + maintenance_window (known after apply)
TestEndToEndDeploymentScenario 2025-12-08T13:45:18+03:00 logger.go:66:
TestEndToEndDeploymentScenario 2025-12-08T13:45:18+03:00 logger.go:66:       + performance_diagnostics (known after apply)
TestEndToEndDeploymentScenario 2025-12-08T13:45:18+03:00 logger.go:66:
TestEndToEndDeploymentScenario 2025-12-08T13:45:18+03:00 logger.go:66:       + resources {
TestEndToEndDeploymentScenario 2025-12-08T13:45:18+03:00 logger.go:66:           + disk_size          = 16
TestEndToEndDeploymentScenario 2025-12-08T13:45:18+03:00 logger.go:66:           + disk_type_id       = "network-ssd"
TestEndToEndDeploymentScenario 2025-12-08T13:45:18+03:00 logger.go:66:           + resource_preset_id = "s2.micro"
TestEndToEndDeploymentScenario 2025-12-08T13:45:18+03:00 logger.go:66:         }
TestEndToEndDeploymentScenario 2025-12-08T13:45:18+03:00 logger.go:66:     }
TestEndToEndDeploymentScenario 2025-12-08T13:45:18+03:00 logger.go:66:
TestEndToEndDeploymentScenario 2025-12-08T13:45:18+03:00 logger.go:66:   # yandex_mdb_mysql_database.wp_db will be created
TestEndToEndDeploymentScenario 2025-12-08T13:45:18+03:00 logger.go:66:   + resource "yandex_mdb_mysql_database" "wp_db" {
TestEndToEndDeploymentScenario 2025-12-08T13:45:18+03:00 logger.go:66:       + cluster_id = (known after apply)
TestEndToEndDeploymentScenario 2025-12-08T13:45:18+03:00 logger.go:66:       + id         = (known after apply)
TestEndToEndDeploymentScenario 2025-12-08T13:45:18+03:00 logger.go:66:       + name       = "db"
TestEndToEndDeploymentScenario 2025-12-08T13:45:18+03:00 logger.go:66:     }
TestEndToEndDeploymentScenario 2025-12-08T13:45:18+03:00 logger.go:66:
TestEndToEndDeploymentScenario 2025-12-08T13:45:18+03:00 logger.go:66:   # yandex_mdb_mysql_user.wp_db_user will be created
TestEndToEndDeploymentScenario 2025-12-08T13:45:18+03:00 logger.go:66:   + resource "yandex_mdb_mysql_user" "wp_db_user" {
TestEndToEndDeploymentScenario 2025-12-08T13:45:18+03:00 logger.go:66:       + authentication_plugin = "MYSQL_NATIVE_PASSWORD"
TestEndToEndDeploymentScenario 2025-12-08T13:45:18+03:00 logger.go:66:       + cluster_id            = (known after apply)
TestEndToEndDeploymentScenario 2025-12-08T13:45:18+03:00 logger.go:66:       + connection_manager    = (known after apply)
TestEndToEndDeploymentScenario 2025-12-08T13:45:18+03:00 logger.go:66:       + generate_password     = false
TestEndToEndDeploymentScenario 2025-12-08T13:45:18+03:00 logger.go:66:       + global_permissions    = (known after apply)
TestEndToEndDeploymentScenario 2025-12-08T13:45:18+03:00 logger.go:66:       + id                    = (known after apply)
TestEndToEndDeploymentScenario 2025-12-08T13:45:18+03:00 logger.go:66:       + name                  = "user"
TestEndToEndDeploymentScenario 2025-12-08T13:45:18+03:00 logger.go:66:       + password              = (sensitive value)
TestEndToEndDeploymentScenario 2025-12-08T13:45:18+03:00 logger.go:66:
TestEndToEndDeploymentScenario 2025-12-08T13:45:18+03:00 logger.go:66:       + connection_limits (known after apply)
TestEndToEndDeploymentScenario 2025-12-08T13:45:18+03:00 logger.go:66:
TestEndToEndDeploymentScenario 2025-12-08T13:45:18+03:00 logger.go:66:       + permission {
TestEndToEndDeploymentScenario 2025-12-08T13:45:18+03:00 logger.go:66:           + database_name = "db"
TestEndToEndDeploymentScenario 2025-12-08T13:45:18+03:00 logger.go:66:           + roles         = [
TestEndToEndDeploymentScenario 2025-12-08T13:45:18+03:00 logger.go:66:               + "ALL",
TestEndToEndDeploymentScenario 2025-12-08T13:45:18+03:00 logger.go:66:             ]
TestEndToEndDeploymentScenario 2025-12-08T13:45:18+03:00 logger.go:66:         }
TestEndToEndDeploymentScenario 2025-12-08T13:45:18+03:00 logger.go:66:     }
TestEndToEndDeploymentScenario 2025-12-08T13:45:18+03:00 logger.go:66:
TestEndToEndDeploymentScenario 2025-12-08T13:45:18+03:00 logger.go:66:   # yandex_vpc_network.wp-network[0] will be created
TestEndToEndDeploymentScenario 2025-12-08T13:45:18+03:00 logger.go:66:   + resource "yandex_vpc_network" "wp-network" {
TestEndToEndDeploymentScenario 2025-12-08T13:45:18+03:00 logger.go:66:       + created_at                = (known after apply)
TestEndToEndDeploymentScenario 2025-12-08T13:45:18+03:00 logger.go:66:       + default_security_group_id = (known after apply)
TestEndToEndDeploymentScenario 2025-12-08T13:45:18+03:00 logger.go:66:       + folder_id                 = (known after apply)
TestEndToEndDeploymentScenario 2025-12-08T13:45:18+03:00 logger.go:66:       + id                        = (known after apply)
TestEndToEndDeploymentScenario 2025-12-08T13:45:18+03:00 logger.go:66:       + labels                    = (known after apply)
TestEndToEndDeploymentScenario 2025-12-08T13:45:18+03:00 logger.go:66:       + name                      = "wp-network"
TestEndToEndDeploymentScenario 2025-12-08T13:45:18+03:00 logger.go:66:       + subnet_ids                = (known after apply)
TestEndToEndDeploymentScenario 2025-12-08T13:45:18+03:00 logger.go:66:     }
TestEndToEndDeploymentScenario 2025-12-08T13:45:18+03:00 logger.go:66:
TestEndToEndDeploymentScenario 2025-12-08T13:45:18+03:00 logger.go:66:   # yandex_vpc_subnet.wp-subnet-a will be created
TestEndToEndDeploymentScenario 2025-12-08T13:45:18+03:00 logger.go:66:   + resource "yandex_vpc_subnet" "wp-subnet-a" {
TestEndToEndDeploymentScenario 2025-12-08T13:45:18+03:00 logger.go:66:       + created_at     = (known after apply)
TestEndToEndDeploymentScenario 2025-12-08T13:45:18+03:00 logger.go:66:       + folder_id      = (known after apply)
TestEndToEndDeploymentScenario 2025-12-08T13:45:18+03:00 logger.go:66:       + id             = (known after apply)
TestEndToEndDeploymentScenario 2025-12-08T13:45:18+03:00 logger.go:66:       + labels         = (known after apply)
TestEndToEndDeploymentScenario 2025-12-08T13:45:18+03:00 logger.go:66:       + name           = "wp-subnet-a"
TestEndToEndDeploymentScenario 2025-12-08T13:45:18+03:00 logger.go:66:       + network_id     = (known after apply)
TestEndToEndDeploymentScenario 2025-12-08T13:45:18+03:00 logger.go:66:       + v4_cidr_blocks = [
TestEndToEndDeploymentScenario 2025-12-08T13:45:18+03:00 logger.go:66:           + "10.2.0.0/16",
TestEndToEndDeploymentScenario 2025-12-08T13:45:18+03:00 logger.go:66:         ]
TestEndToEndDeploymentScenario 2025-12-08T13:45:18+03:00 logger.go:66:       + v6_cidr_blocks = (known after apply)
TestEndToEndDeploymentScenario 2025-12-08T13:45:18+03:00 logger.go:66:       + zone           = "ru-central1-a"
TestEndToEndDeploymentScenario 2025-12-08T13:45:18+03:00 logger.go:66:     }
TestEndToEndDeploymentScenario 2025-12-08T13:45:18+03:00 logger.go:66:
TestEndToEndDeploymentScenario 2025-12-08T13:45:18+03:00 logger.go:66:   # yandex_vpc_subnet.wp-subnet-b will be created
TestEndToEndDeploymentScenario 2025-12-08T13:45:18+03:00 logger.go:66:   + resource "yandex_vpc_subnet" "wp-subnet-b" {
TestEndToEndDeploymentScenario 2025-12-08T13:45:18+03:00 logger.go:66:       + created_at     = (known after apply)
TestEndToEndDeploymentScenario 2025-12-08T13:45:18+03:00 logger.go:66:       + folder_id      = (known after apply)
TestEndToEndDeploymentScenario 2025-12-08T13:45:18+03:00 logger.go:66:       + id             = (known after apply)
TestEndToEndDeploymentScenario 2025-12-08T13:45:18+03:00 logger.go:66:       + labels         = (known after apply)
TestEndToEndDeploymentScenario 2025-12-08T13:45:18+03:00 logger.go:66:       + name           = "wp-subnet-b"
TestEndToEndDeploymentScenario 2025-12-08T13:45:18+03:00 logger.go:66:       + network_id     = (known after apply)
TestEndToEndDeploymentScenario 2025-12-08T13:45:18+03:00 logger.go:66:       + v4_cidr_blocks = [
TestEndToEndDeploymentScenario 2025-12-08T13:45:18+03:00 logger.go:66:           + "10.3.0.0/16",
TestEndToEndDeploymentScenario 2025-12-08T13:45:18+03:00 logger.go:66:         ]
TestEndToEndDeploymentScenario 2025-12-08T13:45:18+03:00 logger.go:66:       + v6_cidr_blocks = (known after apply)
TestEndToEndDeploymentScenario 2025-12-08T13:45:18+03:00 logger.go:66:       + zone           = "ru-central1-b"
TestEndToEndDeploymentScenario 2025-12-08T13:45:18+03:00 logger.go:66:     }
TestEndToEndDeploymentScenario 2025-12-08T13:45:18+03:00 logger.go:66:
TestEndToEndDeploymentScenario 2025-12-08T13:45:18+03:00 logger.go:66: Plan: 10 to add, 0 to change, 0 to destroy.
TestEndToEndDeploymentScenario 2025-12-08T13:45:18+03:00 logger.go:66:
TestEndToEndDeploymentScenario 2025-12-08T13:45:18+03:00 logger.go:66: Changes to Outputs:
TestEndToEndDeploymentScenario 2025-12-08T13:45:18+03:00 logger.go:66:   + database_host_fqdn         = [
TestEndToEndDeploymentScenario 2025-12-08T13:45:18+03:00 logger.go:66:       + (known after apply),
TestEndToEndDeploymentScenario 2025-12-08T13:45:18+03:00 logger.go:66:       + (known after apply),
TestEndToEndDeploymentScenario 2025-12-08T13:45:18+03:00 logger.go:66:     ]
TestEndToEndDeploymentScenario 2025-12-08T13:45:18+03:00 logger.go:66:   + db_name                    = "db"
TestEndToEndDeploymentScenario 2025-12-08T13:45:18+03:00 logger.go:66:   + db_password                = (sensitive value)
TestEndToEndDeploymentScenario 2025-12-08T13:45:18+03:00 logger.go:66:   + db_user                    = "user"
TestEndToEndDeploymentScenario 2025-12-08T13:45:18+03:00 logger.go:66:   + load_balancer_public_ip    = (known after apply)
TestEndToEndDeploymentScenario 2025-12-08T13:45:18+03:00 logger.go:66:   + vm_linux_public_ip_address = (known after apply)
TestEndToEndDeploymentScenario 2025-12-08T13:45:18+03:00 logger.go:66:   + vm_ssh_user                = "zodiac"
TestEndToEndDeploymentScenario 2025-12-08T13:45:19+03:00 logger.go:66: yandex_vpc_network.wp-network[0]: Creating...
TestEndToEndDeploymentScenario 2025-12-08T13:45:22+03:00 logger.go:66: yandex_vpc_network.wp-network[0]: Creation complete after 2s [id=enprk9b7r8sgrsdq10ga]
TestEndToEndDeploymentScenario 2025-12-08T13:45:22+03:00 logger.go:66: yandex_vpc_subnet.wp-subnet-a: Creating...
TestEndToEndDeploymentScenario 2025-12-08T13:45:22+03:00 logger.go:66: yandex_vpc_subnet.wp-subnet-b: Creating...
TestEndToEndDeploymentScenario 2025-12-08T13:45:22+03:00 logger.go:66: yandex_vpc_subnet.wp-subnet-b: Creation complete after 1s [id=e2la2v9vk8vujd3t3q24]
TestEndToEndDeploymentScenario 2025-12-08T13:45:22+03:00 logger.go:66: yandex_compute_instance.wp-app-2: Creating...
TestEndToEndDeploymentScenario 2025-12-08T13:45:23+03:00 logger.go:66: yandex_vpc_subnet.wp-subnet-a: Creation complete after 1s [id=e9b6odhlaqbcsqhofo63]
TestEndToEndDeploymentScenario 2025-12-08T13:45:23+03:00 logger.go:66: yandex_compute_instance.wp-app-1: Creating...
TestEndToEndDeploymentScenario 2025-12-08T13:45:23+03:00 logger.go:66: yandex_mdb_mysql_cluster.wp_mysql: Creating...
TestEndToEndDeploymentScenario 2025-12-08T13:45:32+03:00 logger.go:66: yandex_compute_instance.wp-app-2: Still creating... [00m10s elapsed]
TestEndToEndDeploymentScenario 2025-12-08T13:45:33+03:00 logger.go:66: yandex_compute_instance.wp-app-1: Still creating... [00m10s elapsed]
TestEndToEndDeploymentScenario 2025-12-08T13:45:33+03:00 logger.go:66: yandex_mdb_mysql_cluster.wp_mysql: Still creating... [00m10s elapsed]
TestEndToEndDeploymentScenario 2025-12-08T13:45:42+03:00 logger.go:66: yandex_compute_instance.wp-app-2: Still creating... [00m20s elapsed]
TestEndToEndDeploymentScenario 2025-12-08T13:45:43+03:00 logger.go:66: yandex_compute_instance.wp-app-1: Still creating... [00m20s elapsed]
TestEndToEndDeploymentScenario 2025-12-08T13:45:43+03:00 logger.go:66: yandex_mdb_mysql_cluster.wp_mysql: Still creating... [00m20s elapsed]
TestEndToEndDeploymentScenario 2025-12-08T13:45:52+03:00 logger.go:66: yandex_compute_instance.wp-app-2: Still creating... [00m30s elapsed]
TestEndToEndDeploymentScenario 2025-12-08T13:45:53+03:00 logger.go:66: yandex_compute_instance.wp-app-1: Still creating... [00m30s elapsed]
TestEndToEndDeploymentScenario 2025-12-08T13:45:53+03:00 logger.go:66: yandex_mdb_mysql_cluster.wp_mysql: Still creating... [00m30s elapsed]
TestEndToEndDeploymentScenario 2025-12-08T13:46:02+03:00 logger.go:66: yandex_compute_instance.wp-app-2: Still creating... [00m40s elapsed]
TestEndToEndDeploymentScenario 2025-12-08T13:46:03+03:00 logger.go:66: yandex_compute_instance.wp-app-1: Still creating... [00m40s elapsed]
TestEndToEndDeploymentScenario 2025-12-08T13:46:03+03:00 logger.go:66: yandex_mdb_mysql_cluster.wp_mysql: Still creating... [00m40s elapsed]
TestEndToEndDeploymentScenario 2025-12-08T13:46:09+03:00 logger.go:66: yandex_compute_instance.wp-app-2: Creation complete after 46s [id=epdk3kbeprscamoqspl0]
TestEndToEndDeploymentScenario 2025-12-08T13:46:13+03:00 logger.go:66: yandex_compute_instance.wp-app-1: Still creating... [00m50s elapsed]
TestEndToEndDeploymentScenario 2025-12-08T13:46:13+03:00 logger.go:66: yandex_mdb_mysql_cluster.wp_mysql: Still creating... [00m50s elapsed]
TestEndToEndDeploymentScenario 2025-12-08T13:46:14+03:00 logger.go:66: yandex_compute_instance.wp-app-1: Creation complete after 51s [id=fhmdttpk2f8nrlnlpu0u]
TestEndToEndDeploymentScenario 2025-12-08T13:46:14+03:00 logger.go:66: yandex_lb_target_group.wp_tg: Creating...
TestEndToEndDeploymentScenario 2025-12-08T13:46:17+03:00 logger.go:66: yandex_lb_target_group.wp_tg: Creation complete after 3s [id=enpejme7mj1nv5ubvq08]
TestEndToEndDeploymentScenario 2025-12-08T13:46:17+03:00 logger.go:66: yandex_lb_network_load_balancer.wp_lb: Creating...
TestEndToEndDeploymentScenario 2025-12-08T13:46:20+03:00 logger.go:66: yandex_lb_network_load_balancer.wp_lb: Creation complete after 4s [id=enpdq0p8uvd11dftf873]
TestEndToEndDeploymentScenario 2025-12-08T13:46:23+03:00 logger.go:66: yandex_mdb_mysql_cluster.wp_mysql: Still creating... [01m00s elapsed]
TestEndToEndDeploymentScenario 2025-12-08T13:46:33+03:00 logger.go:66: yandex_mdb_mysql_cluster.wp_mysql: Still creating... [01m10s elapsed]
TestEndToEndDeploymentScenario 2025-12-08T13:46:43+03:00 logger.go:66: yandex_mdb_mysql_cluster.wp_mysql: Still creating... [01m20s elapsed]
TestEndToEndDeploymentScenario 2025-12-08T13:46:53+03:00 logger.go:66: yandex_mdb_mysql_cluster.wp_mysql: Still creating... [01m30s elapsed]
TestEndToEndDeploymentScenario 2025-12-08T13:47:03+03:00 logger.go:66: yandex_mdb_mysql_cluster.wp_mysql: Still creating... [01m40s elapsed]
TestEndToEndDeploymentScenario 2025-12-08T13:47:13+03:00 logger.go:66: yandex_mdb_mysql_cluster.wp_mysql: Still creating... [01m50s elapsed]
TestEndToEndDeploymentScenario 2025-12-08T13:47:23+03:00 logger.go:66: yandex_mdb_mysql_cluster.wp_mysql: Still creating... [02m00s elapsed]
TestEndToEndDeploymentScenario 2025-12-08T13:47:33+03:00 logger.go:66: yandex_mdb_mysql_cluster.wp_mysql: Still creating... [02m10s elapsed]
TestEndToEndDeploymentScenario 2025-12-08T13:47:43+03:00 logger.go:66: yandex_mdb_mysql_cluster.wp_mysql: Still creating... [02m20s elapsed]
TestEndToEndDeploymentScenario 2025-12-08T13:47:53+03:00 logger.go:66: yandex_mdb_mysql_cluster.wp_mysql: Still creating... [02m30s elapsed]
TestEndToEndDeploymentScenario 2025-12-08T13:48:03+03:00 logger.go:66: yandex_mdb_mysql_cluster.wp_mysql: Still creating... [02m40s elapsed]
TestEndToEndDeploymentScenario 2025-12-08T13:48:13+03:00 logger.go:66: yandex_mdb_mysql_cluster.wp_mysql: Still creating... [02m50s elapsed]
TestEndToEndDeploymentScenario 2025-12-08T13:48:23+03:00 logger.go:66: yandex_mdb_mysql_cluster.wp_mysql: Still creating... [03m00s elapsed]
TestEndToEndDeploymentScenario 2025-12-08T13:48:33+03:00 logger.go:66: yandex_mdb_mysql_cluster.wp_mysql: Still creating... [03m10s elapsed]
TestEndToEndDeploymentScenario 2025-12-08T13:48:43+03:00 logger.go:66: yandex_mdb_mysql_cluster.wp_mysql: Still creating... [03m20s elapsed]
TestEndToEndDeploymentScenario 2025-12-08T13:48:53+03:00 logger.go:66: yandex_mdb_mysql_cluster.wp_mysql: Still creating... [03m30s elapsed]
TestEndToEndDeploymentScenario 2025-12-08T13:49:03+03:00 logger.go:66: yandex_mdb_mysql_cluster.wp_mysql: Still creating... [03m40s elapsed]
TestEndToEndDeploymentScenario 2025-12-08T13:49:13+03:00 logger.go:66: yandex_mdb_mysql_cluster.wp_mysql: Still creating... [03m50s elapsed]
TestEndToEndDeploymentScenario 2025-12-08T13:49:23+03:00 logger.go:66: yandex_mdb_mysql_cluster.wp_mysql: Still creating... [04m00s elapsed]
TestEndToEndDeploymentScenario 2025-12-08T13:49:33+03:00 logger.go:66: yandex_mdb_mysql_cluster.wp_mysql: Still creating... [04m10s elapsed]
TestEndToEndDeploymentScenario 2025-12-08T13:49:43+03:00 logger.go:66: yandex_mdb_mysql_cluster.wp_mysql: Still creating... [04m20s elapsed]
TestEndToEndDeploymentScenario 2025-12-08T13:49:53+03:00 logger.go:66: yandex_mdb_mysql_cluster.wp_mysql: Still creating... [04m30s elapsed]
TestEndToEndDeploymentScenario 2025-12-08T13:50:03+03:00 logger.go:66: yandex_mdb_mysql_cluster.wp_mysql: Still creating... [04m40s elapsed]
TestEndToEndDeploymentScenario 2025-12-08T13:50:13+03:00 logger.go:66: yandex_mdb_mysql_cluster.wp_mysql: Still creating... [04m50s elapsed]
TestEndToEndDeploymentScenario 2025-12-08T13:50:23+03:00 logger.go:66: yandex_mdb_mysql_cluster.wp_mysql: Still creating... [05m00s elapsed]
TestEndToEndDeploymentScenario 2025-12-08T13:50:33+03:00 logger.go:66: yandex_mdb_mysql_cluster.wp_mysql: Still creating... [05m10s elapsed]
TestEndToEndDeploymentScenario 2025-12-08T13:50:43+03:00 logger.go:66: yandex_mdb_mysql_cluster.wp_mysql: Still creating... [05m20s elapsed]
TestEndToEndDeploymentScenario 2025-12-08T13:50:53+03:00 logger.go:66: yandex_mdb_mysql_cluster.wp_mysql: Still creating... [05m30s elapsed]
TestEndToEndDeploymentScenario 2025-12-08T13:51:03+03:00 logger.go:66: yandex_mdb_mysql_cluster.wp_mysql: Still creating... [05m40s elapsed]
TestEndToEndDeploymentScenario 2025-12-08T13:51:13+03:00 logger.go:66: yandex_mdb_mysql_cluster.wp_mysql: Still creating... [05m50s elapsed]
TestEndToEndDeploymentScenario 2025-12-08T13:51:23+03:00 logger.go:66: yandex_mdb_mysql_cluster.wp_mysql: Still creating... [06m00s elapsed]
TestEndToEndDeploymentScenario 2025-12-08T13:51:33+03:00 logger.go:66: yandex_mdb_mysql_cluster.wp_mysql: Still creating... [06m10s elapsed]
TestEndToEndDeploymentScenario 2025-12-08T13:51:43+03:00 logger.go:66: yandex_mdb_mysql_cluster.wp_mysql: Still creating... [06m20s elapsed]
TestEndToEndDeploymentScenario 2025-12-08T13:51:53+03:00 logger.go:66: yandex_mdb_mysql_cluster.wp_mysql: Still creating... [06m30s elapsed]
TestEndToEndDeploymentScenario 2025-12-08T13:52:03+03:00 logger.go:66: yandex_mdb_mysql_cluster.wp_mysql: Still creating... [06m40s elapsed]
TestEndToEndDeploymentScenario 2025-12-08T13:52:13+03:00 logger.go:66: yandex_mdb_mysql_cluster.wp_mysql: Still creating... [06m50s elapsed]
TestEndToEndDeploymentScenario 2025-12-08T13:52:23+03:00 logger.go:66: yandex_mdb_mysql_cluster.wp_mysql: Still creating... [07m00s elapsed]
TestEndToEndDeploymentScenario 2025-12-08T13:52:33+03:00 logger.go:66: yandex_mdb_mysql_cluster.wp_mysql: Still creating... [07m10s elapsed]
TestEndToEndDeploymentScenario 2025-12-08T13:52:43+03:00 logger.go:66: yandex_mdb_mysql_cluster.wp_mysql: Still creating... [07m20s elapsed]
TestEndToEndDeploymentScenario 2025-12-08T13:52:53+03:00 logger.go:66: yandex_mdb_mysql_cluster.wp_mysql: Still creating... [07m30s elapsed]
TestEndToEndDeploymentScenario 2025-12-08T13:53:03+03:00 logger.go:66: yandex_mdb_mysql_cluster.wp_mysql: Still creating... [07m40s elapsed]
TestEndToEndDeploymentScenario 2025-12-08T13:53:13+03:00 logger.go:66: yandex_mdb_mysql_cluster.wp_mysql: Still creating... [07m50s elapsed]
TestEndToEndDeploymentScenario 2025-12-08T13:53:23+03:00 logger.go:66: yandex_mdb_mysql_cluster.wp_mysql: Still creating... [08m00s elapsed]
TestEndToEndDeploymentScenario 2025-12-08T13:53:33+03:00 logger.go:66: yandex_mdb_mysql_cluster.wp_mysql: Creation complete after 8m10s [id=c9q8uj4g73seslsf6ldf]
TestEndToEndDeploymentScenario 2025-12-08T13:53:33+03:00 logger.go:66: yandex_mdb_mysql_database.wp_db: Creating...
TestEndToEndDeploymentScenario 2025-12-08T13:53:43+03:00 logger.go:66: yandex_mdb_mysql_database.wp_db: Still creating... [00m10s elapsed]
TestEndToEndDeploymentScenario 2025-12-08T13:53:53+03:00 logger.go:66: yandex_mdb_mysql_database.wp_db: Still creating... [00m20s elapsed]
TestEndToEndDeploymentScenario 2025-12-08T13:54:03+03:00 logger.go:66: yandex_mdb_mysql_database.wp_db: Still creating... [00m30s elapsed]
TestEndToEndDeploymentScenario 2025-12-08T13:54:13+03:00 logger.go:66: yandex_mdb_mysql_database.wp_db: Still creating... [00m40s elapsed]
TestEndToEndDeploymentScenario 2025-12-08T13:54:23+03:00 logger.go:66: yandex_mdb_mysql_database.wp_db: Still creating... [00m50s elapsed]
TestEndToEndDeploymentScenario 2025-12-08T13:54:33+03:00 logger.go:66: yandex_mdb_mysql_database.wp_db: Still creating... [01m00s elapsed]
TestEndToEndDeploymentScenario 2025-12-08T13:54:43+03:00 logger.go:66: yandex_mdb_mysql_database.wp_db: Still creating... [01m10s elapsed]
TestEndToEndDeploymentScenario 2025-12-08T13:54:53+03:00 logger.go:66: yandex_mdb_mysql_database.wp_db: Still creating... [01m20s elapsed]
TestEndToEndDeploymentScenario 2025-12-08T13:55:03+03:00 logger.go:66: yandex_mdb_mysql_database.wp_db: Still creating... [01m30s elapsed]
TestEndToEndDeploymentScenario 2025-12-08T13:55:13+03:00 logger.go:66: yandex_mdb_mysql_database.wp_db: Still creating... [01m40s elapsed]
TestEndToEndDeploymentScenario 2025-12-08T13:55:23+03:00 logger.go:66: yandex_mdb_mysql_database.wp_db: Creation complete after 1m50s [id=c9q8uj4g73seslsf6ldf:db]
TestEndToEndDeploymentScenario 2025-12-08T13:55:23+03:00 logger.go:66: yandex_mdb_mysql_user.wp_db_user: Creating...
TestEndToEndDeploymentScenario 2025-12-08T13:55:33+03:00 logger.go:66: yandex_mdb_mysql_user.wp_db_user: Still creating... [00m10s elapsed]
TestEndToEndDeploymentScenario 2025-12-08T13:55:43+03:00 logger.go:66: yandex_mdb_mysql_user.wp_db_user: Still creating... [00m20s elapsed]
TestEndToEndDeploymentScenario 2025-12-08T13:55:53+03:00 logger.go:66: yandex_mdb_mysql_user.wp_db_user: Still creating... [00m30s elapsed]
TestEndToEndDeploymentScenario 2025-12-08T13:56:03+03:00 logger.go:66: yandex_mdb_mysql_user.wp_db_user: Still creating... [00m40s elapsed]
TestEndToEndDeploymentScenario 2025-12-08T13:56:04+03:00 logger.go:66: yandex_mdb_mysql_user.wp_db_user: Creation complete after 42s [id=c9q8uj4g73seslsf6ldf:user]
TestEndToEndDeploymentScenario 2025-12-08T13:56:04+03:00 logger.go:66: 
TestEndToEndDeploymentScenario 2025-12-08T13:56:04+03:00 logger.go:66: Apply complete! Resources: 10 added, 0 changed, 0 destroyed.
TestEndToEndDeploymentScenario 2025-12-08T13:56:04+03:00 logger.go:66: 
TestEndToEndDeploymentScenario 2025-12-08T13:56:04+03:00 logger.go:66: Outputs:
TestEndToEndDeploymentScenario 2025-12-08T13:56:04+03:00 logger.go:66: 
TestEndToEndDeploymentScenario 2025-12-08T13:56:04+03:00 logger.go:66: database_host_fqdn = tolist([
TestEndToEndDeploymentScenario 2025-12-08T13:56:04+03:00 logger.go:66:   "rc1a-pu50c26funo812v4.mdb.yandexcloud.net",
TestEndToEndDeploymentScenario 2025-12-08T13:56:04+03:00 logger.go:66:   "rc1b-5dt2gjvlv5ohvva6.mdb.yandexcloud.net",
TestEndToEndDeploymentScenario 2025-12-08T13:56:04+03:00 logger.go:66: ])
TestEndToEndDeploymentScenario 2025-12-08T13:56:04+03:00 logger.go:66: db_name = "db"
TestEndToEndDeploymentScenario 2025-12-08T13:56:04+03:00 logger.go:66: db_password = <sensitive>
TestEndToEndDeploymentScenario 2025-12-08T13:56:04+03:00 logger.go:66: db_user = "user"
TestEndToEndDeploymentScenario 2025-12-08T13:56:04+03:00 logger.go:66: load_balancer_public_ip = "158.160.217.89"
TestEndToEndDeploymentScenario 2025-12-08T13:56:04+03:00 logger.go:66: vm_linux_public_ip_address = "130.193.38.169"
TestEndToEndDeploymentScenario 2025-12-08T13:56:04+03:00 logger.go:66: vm_ssh_user = "zodiac"
TestEndToEndDeploymentScenario 2025-12-08T13:56:04+03:00 test_structure.go:27: The 'SKIP_validate' environment variable is not set, so executing stage 'validate'.
    end2end_test.go:47: Run some tests...
TestEndToEndDeploymentScenario 2025-12-08T13:56:04+03:00 save_test_data.go:229: Loading test data from ../.test-data/TerraformOptions.json
TestEndToEndDeploymentScenario 2025-12-08T13:56:04+03:00 retry.go:91: terraform [output -no-color -json load_balancer_public_ip]
TestEndToEndDeploymentScenario 2025-12-08T13:56:04+03:00 logger.go:66: Running command terraform with args [output -no-color -json load_balancer_public_ip]   
TestEndToEndDeploymentScenario 2025-12-08T13:56:05+03:00 logger.go:66: "158.160.217.89"
TestEndToEndDeploymentScenario 2025-12-08T13:56:05+03:00 retry.go:91: terraform [output -no-color -json vm_linux_public_ip_address]
TestEndToEndDeploymentScenario 2025-12-08T13:56:05+03:00 logger.go:66: Running command terraform with args [output -no-color -json vm_linux_public_ip_address]
TestEndToEndDeploymentScenario 2025-12-08T13:56:06+03:00 logger.go:66: "130.193.38.169"
    end2end_test.go:104: Failed ssh attempts for user zodiac: ssh: handshake failed: ssh: unable to authenticate, attempted methods [none publickey], no supported methods remain
    end2end_test.go:94: SSH connection established with user ubuntu on attempt 1
TestEndToEndDeploymentScenario 2025-12-08T13:56:37+03:00 test_structure.go:27: The 'SKIP_teardown' environment variable is not set, so executing stage 'teardown'.
TestEndToEndDeploymentScenario 2025-12-08T13:56:37+03:00 save_test_data.go:229: Loading test data from ../.test-data/TerraformOptions.json
TestEndToEndDeploymentScenario 2025-12-08T13:56:37+03:00 retry.go:91: terraform [destroy -auto-approve -input=false -var create_network=true -var network_id= -var yc_folder=b1g7a8t1n2r7kej2q8rl -lock=false]
TestEndToEndDeploymentScenario 2025-12-08T13:56:37+03:00 logger.go:66: Running command terraform with args [destroy -auto-approve -input=false -var create_network=true -var network_id= -var yc_folder=b1g7a8t1n2r7kej2q8rl -lock=false]
TestEndToEndDeploymentScenario 2025-12-08T13:56:40+03:00 logger.go:66: yandex_vpc_network.wp-network[0]: Refreshing state... [id=enprk9b7r8sgrsdq10ga]
TestEndToEndDeploymentScenario 2025-12-08T13:56:40+03:00 logger.go:66: yandex_vpc_subnet.wp-subnet-b: Refreshing state... [id=e2la2v9vk8vujd3t3q24]
TestEndToEndDeploymentScenario 2025-12-08T13:56:40+03:00 logger.go:66: yandex_vpc_subnet.wp-subnet-a: Refreshing state... [id=e9b6odhlaqbcsqhofo63]
TestEndToEndDeploymentScenario 2025-12-08T13:56:40+03:00 logger.go:66: yandex_compute_instance.wp-app-2: Refreshing state... [id=epdk3kbeprscamoqspl0]
TestEndToEndDeploymentScenario 2025-12-08T13:56:40+03:00 logger.go:66: yandex_mdb_mysql_cluster.wp_mysql: Refreshing state... [id=c9q8uj4g73seslsf6ldf]
TestEndToEndDeploymentScenario 2025-12-08T13:56:40+03:00 logger.go:66: yandex_compute_instance.wp-app-1: Refreshing state... [id=fhmdttpk2f8nrlnlpu0u]        
TestEndToEndDeploymentScenario 2025-12-08T13:56:41+03:00 logger.go:66: yandex_mdb_mysql_database.wp_db: Refreshing state... [id=c9q8uj4g73seslsf6ldf:db]
TestEndToEndDeploymentScenario 2025-12-08T13:56:41+03:00 logger.go:66: yandex_mdb_mysql_user.wp_db_user: Refreshing state... [id=c9q8uj4g73seslsf6ldf:user]
TestEndToEndDeploymentScenario 2025-12-08T13:56:41+03:00 logger.go:66: yandex_lb_target_group.wp_tg: Refreshing state... [id=enpejme7mj1nv5ubvq08]
TestEndToEndDeploymentScenario 2025-12-08T13:56:42+03:00 logger.go:66: yandex_lb_network_load_balancer.wp_lb: Refreshing state... [id=enpdq0p8uvd11dftf873]
TestEndToEndDeploymentScenario 2025-12-08T13:56:43+03:00 logger.go:66: 
TestEndToEndDeploymentScenario 2025-12-08T13:56:43+03:00 logger.go:66: Terraform used the selected providers to generate the following execution
TestEndToEndDeploymentScenario 2025-12-08T13:56:43+03:00 logger.go:66: plan. Resource actions are indicated with the following symbols:
TestEndToEndDeploymentScenario 2025-12-08T13:56:43+03:00 logger.go:66:   - destroy
TestEndToEndDeploymentScenario 2025-12-08T13:56:43+03:00 logger.go:66:
TestEndToEndDeploymentScenario 2025-12-08T13:56:43+03:00 logger.go:66: Terraform will perform the following actions:
TestEndToEndDeploymentScenario 2025-12-08T13:56:43+03:00 logger.go:66: 
TestEndToEndDeploymentScenario 2025-12-08T13:56:43+03:00 logger.go:66:   # yandex_compute_instance.wp-app-1 will be destroyed
TestEndToEndDeploymentScenario 2025-12-08T13:56:43+03:00 logger.go:66:   - resource "yandex_compute_instance" "wp-app-1" {
TestEndToEndDeploymentScenario 2025-12-08T13:56:43+03:00 logger.go:66:       - created_at                = "2025-12-08T10:45:23Z" -> null
TestEndToEndDeploymentScenario 2025-12-08T13:56:43+03:00 logger.go:66:       - folder_id                 = "b1g7a8t1n2r7kej2q8rl" -> null
TestEndToEndDeploymentScenario 2025-12-08T13:56:43+03:00 logger.go:66:       - fqdn                      = "fhmdttpk2f8nrlnlpu0u.auto.internal" -> null       
TestEndToEndDeploymentScenario 2025-12-08T13:56:43+03:00 logger.go:66:       - hardware_generation       = [
TestEndToEndDeploymentScenario 2025-12-08T13:56:43+03:00 logger.go:66:           - {
TestEndToEndDeploymentScenario 2025-12-08T13:56:43+03:00 logger.go:66:               - generation2_features = []
TestEndToEndDeploymentScenario 2025-12-08T13:56:43+03:00 logger.go:66:               - legacy_features      = [
TestEndToEndDeploymentScenario 2025-12-08T13:56:43+03:00 logger.go:66:                   - {
TestEndToEndDeploymentScenario 2025-12-08T13:56:43+03:00 logger.go:66:                       - pci_topology = "PCI_TOPOLOGY_V1"
TestEndToEndDeploymentScenario 2025-12-08T13:56:43+03:00 logger.go:66:                     },
TestEndToEndDeploymentScenario 2025-12-08T13:56:43+03:00 logger.go:66:                 ]
TestEndToEndDeploymentScenario 2025-12-08T13:56:43+03:00 logger.go:66:             },
TestEndToEndDeploymentScenario 2025-12-08T13:56:43+03:00 logger.go:66:         ] -> null
TestEndToEndDeploymentScenario 2025-12-08T13:56:43+03:00 logger.go:66:       - id                        = "fhmdttpk2f8nrlnlpu0u" -> null
TestEndToEndDeploymentScenario 2025-12-08T13:56:43+03:00 logger.go:66:       - labels                    = {} -> null
TestEndToEndDeploymentScenario 2025-12-08T13:56:43+03:00 logger.go:66:       - metadata                  = {
TestEndToEndDeploymentScenario 2025-12-08T13:56:43+03:00 logger.go:66:           - "ssh-keys" = <<-EOT
TestEndToEndDeploymentScenario 2025-12-08T13:56:43+03:00 logger.go:66:                 zodiac:ssh-ed25519 AAAAC3NzaC1lZDI1NTE5AAAAID0rnf1HQQsnE9a3AGgRuy0qZevnBV/7fHdqdgha9CBf zodiac@owgrant
TestEndToEndDeploymentScenario 2025-12-08T13:56:43+03:00 logger.go:66:             EOT
TestEndToEndDeploymentScenario 2025-12-08T13:56:43+03:00 logger.go:66:         } -> null
TestEndToEndDeploymentScenario 2025-12-08T13:56:43+03:00 logger.go:66:       - name                      = "wp-app-1" -> null
TestEndToEndDeploymentScenario 2025-12-08T13:56:43+03:00 logger.go:66:       - network_acceleration_type = "standard" -> null
TestEndToEndDeploymentScenario 2025-12-08T13:56:43+03:00 logger.go:66:       - platform_id               = "standard-v1" -> null
TestEndToEndDeploymentScenario 2025-12-08T13:56:43+03:00 logger.go:66:       - status                    = "running" -> null
TestEndToEndDeploymentScenario 2025-12-08T13:56:43+03:00 logger.go:66:       - zone                      = "ru-central1-a" -> null
TestEndToEndDeploymentScenario 2025-12-08T13:56:43+03:00 logger.go:66:         # (5 unchanged attributes hidden)
TestEndToEndDeploymentScenario 2025-12-08T13:56:43+03:00 logger.go:66:
TestEndToEndDeploymentScenario 2025-12-08T13:56:43+03:00 logger.go:66:       - boot_disk {
TestEndToEndDeploymentScenario 2025-12-08T13:56:43+03:00 logger.go:66:           - auto_delete = true -> null
TestEndToEndDeploymentScenario 2025-12-08T13:56:43+03:00 logger.go:66:           - device_name = "fhmjlj936mnu1d7b8u0p" -> null
TestEndToEndDeploymentScenario 2025-12-08T13:56:43+03:00 logger.go:66:           - disk_id     = "fhmjlj936mnu1d7b8u0p" -> null
TestEndToEndDeploymentScenario 2025-12-08T13:56:43+03:00 logger.go:66:           - mode        = "READ_WRITE" -> null
TestEndToEndDeploymentScenario 2025-12-08T13:56:43+03:00 logger.go:66:
TestEndToEndDeploymentScenario 2025-12-08T13:56:43+03:00 logger.go:66:           - initialize_params {
TestEndToEndDeploymentScenario 2025-12-08T13:56:43+03:00 logger.go:66:               - block_size  = 4096 -> null
TestEndToEndDeploymentScenario 2025-12-08T13:56:43+03:00 logger.go:66:               - image_id    = "fd80viupr3qjr5g6g9du" -> null
TestEndToEndDeploymentScenario 2025-12-08T13:56:43+03:00 logger.go:66:                 name        = null
TestEndToEndDeploymentScenario 2025-12-08T13:56:43+03:00 logger.go:66:               - size        = 3 -> null
TestEndToEndDeploymentScenario 2025-12-08T13:56:43+03:00 logger.go:66:               - type        = "network-hdd" -> null
TestEndToEndDeploymentScenario 2025-12-08T13:56:43+03:00 logger.go:66:                 # (3 unchanged attributes hidden)
TestEndToEndDeploymentScenario 2025-12-08T13:56:43+03:00 logger.go:66:             }
TestEndToEndDeploymentScenario 2025-12-08T13:56:43+03:00 logger.go:66:         }
TestEndToEndDeploymentScenario 2025-12-08T13:56:43+03:00 logger.go:66:
TestEndToEndDeploymentScenario 2025-12-08T13:56:43+03:00 logger.go:66:       - metadata_options {
TestEndToEndDeploymentScenario 2025-12-08T13:56:43+03:00 logger.go:66:           - aws_v1_http_endpoint = 1 -> null
TestEndToEndDeploymentScenario 2025-12-08T13:56:43+03:00 logger.go:66:           - aws_v1_http_token    = 2 -> null
TestEndToEndDeploymentScenario 2025-12-08T13:56:43+03:00 logger.go:66:           - gce_http_endpoint    = 1 -> null
TestEndToEndDeploymentScenario 2025-12-08T13:56:43+03:00 logger.go:66:           - gce_http_token       = 1 -> null
TestEndToEndDeploymentScenario 2025-12-08T13:56:43+03:00 logger.go:66:         }
TestEndToEndDeploymentScenario 2025-12-08T13:56:43+03:00 logger.go:66:
TestEndToEndDeploymentScenario 2025-12-08T13:56:43+03:00 logger.go:66:       - network_interface {
TestEndToEndDeploymentScenario 2025-12-08T13:56:43+03:00 logger.go:66:           - index              = 0 -> null
TestEndToEndDeploymentScenario 2025-12-08T13:56:43+03:00 logger.go:66:           - ip_address         = "10.2.0.24" -> null
TestEndToEndDeploymentScenario 2025-12-08T13:56:43+03:00 logger.go:66:           - ipv4               = true -> null
TestEndToEndDeploymentScenario 2025-12-08T13:56:43+03:00 logger.go:66:           - ipv6               = false -> null
TestEndToEndDeploymentScenario 2025-12-08T13:56:43+03:00 logger.go:66:           - mac_address        = "d0:0d:de:f7:34:13" -> null
TestEndToEndDeploymentScenario 2025-12-08T13:56:43+03:00 logger.go:66:           - nat                = true -> null
TestEndToEndDeploymentScenario 2025-12-08T13:56:43+03:00 logger.go:66:           - nat_ip_address     = "130.193.38.169" -> null
TestEndToEndDeploymentScenario 2025-12-08T13:56:43+03:00 logger.go:66:           - nat_ip_version     = "IPV4" -> null
TestEndToEndDeploymentScenario 2025-12-08T13:56:43+03:00 logger.go:66:           - security_group_ids = [] -> null
TestEndToEndDeploymentScenario 2025-12-08T13:56:43+03:00 logger.go:66:           - subnet_id          = "e9b6odhlaqbcsqhofo63" -> null
TestEndToEndDeploymentScenario 2025-12-08T13:56:43+03:00 logger.go:66:             # (1 unchanged attribute hidden)
TestEndToEndDeploymentScenario 2025-12-08T13:56:43+03:00 logger.go:66:         }
TestEndToEndDeploymentScenario 2025-12-08T13:56:43+03:00 logger.go:66:
TestEndToEndDeploymentScenario 2025-12-08T13:56:43+03:00 logger.go:66:       - placement_policy {
TestEndToEndDeploymentScenario 2025-12-08T13:56:43+03:00 logger.go:66:           - host_affinity_rules       = [] -> null
TestEndToEndDeploymentScenario 2025-12-08T13:56:43+03:00 logger.go:66:           - placement_group_partition = 0 -> null
TestEndToEndDeploymentScenario 2025-12-08T13:56:43+03:00 logger.go:66:             # (1 unchanged attribute hidden)
TestEndToEndDeploymentScenario 2025-12-08T13:56:43+03:00 logger.go:66:         }
TestEndToEndDeploymentScenario 2025-12-08T13:56:43+03:00 logger.go:66:
TestEndToEndDeploymentScenario 2025-12-08T13:56:43+03:00 logger.go:66:       - resources {
TestEndToEndDeploymentScenario 2025-12-08T13:56:43+03:00 logger.go:66:           - core_fraction = 100 -> null
TestEndToEndDeploymentScenario 2025-12-08T13:56:43+03:00 logger.go:66:           - cores         = 2 -> null
TestEndToEndDeploymentScenario 2025-12-08T13:56:43+03:00 logger.go:66:           - gpus          = 0 -> null
TestEndToEndDeploymentScenario 2025-12-08T13:56:43+03:00 logger.go:66:           - memory        = 2 -> null
TestEndToEndDeploymentScenario 2025-12-08T13:56:43+03:00 logger.go:66:         }
TestEndToEndDeploymentScenario 2025-12-08T13:56:43+03:00 logger.go:66:
TestEndToEndDeploymentScenario 2025-12-08T13:56:43+03:00 logger.go:66:       - scheduling_policy {
TestEndToEndDeploymentScenario 2025-12-08T13:56:43+03:00 logger.go:66:           - preemptible = false -> null
TestEndToEndDeploymentScenario 2025-12-08T13:56:43+03:00 logger.go:66:         }
TestEndToEndDeploymentScenario 2025-12-08T13:56:43+03:00 logger.go:66:     }
TestEndToEndDeploymentScenario 2025-12-08T13:56:43+03:00 logger.go:66:
TestEndToEndDeploymentScenario 2025-12-08T13:56:43+03:00 logger.go:66:   # yandex_compute_instance.wp-app-2 will be destroyed
TestEndToEndDeploymentScenario 2025-12-08T13:56:43+03:00 logger.go:66:   - resource "yandex_compute_instance" "wp-app-2" {
TestEndToEndDeploymentScenario 2025-12-08T13:56:43+03:00 logger.go:66:       - created_at                = "2025-12-08T10:45:23Z" -> null
TestEndToEndDeploymentScenario 2025-12-08T13:56:43+03:00 logger.go:66:       - folder_id                 = "b1g7a8t1n2r7kej2q8rl" -> null
TestEndToEndDeploymentScenario 2025-12-08T13:56:43+03:00 logger.go:66:       - fqdn                      = "epdk3kbeprscamoqspl0.auto.internal" -> null       
TestEndToEndDeploymentScenario 2025-12-08T13:56:43+03:00 logger.go:66:       - hardware_generation       = [
TestEndToEndDeploymentScenario 2025-12-08T13:56:43+03:00 logger.go:66:           - {
TestEndToEndDeploymentScenario 2025-12-08T13:56:43+03:00 logger.go:66:               - generation2_features = []
TestEndToEndDeploymentScenario 2025-12-08T13:56:43+03:00 logger.go:66:               - legacy_features      = [
TestEndToEndDeploymentScenario 2025-12-08T13:56:43+03:00 logger.go:66:                   - {
TestEndToEndDeploymentScenario 2025-12-08T13:56:43+03:00 logger.go:66:                       - pci_topology = "PCI_TOPOLOGY_V1"
TestEndToEndDeploymentScenario 2025-12-08T13:56:43+03:00 logger.go:66:                     },
TestEndToEndDeploymentScenario 2025-12-08T13:56:43+03:00 logger.go:66:                 ]
TestEndToEndDeploymentScenario 2025-12-08T13:56:43+03:00 logger.go:66:             },
TestEndToEndDeploymentScenario 2025-12-08T13:56:43+03:00 logger.go:66:         ] -> null
TestEndToEndDeploymentScenario 2025-12-08T13:56:43+03:00 logger.go:66:       - id                        = "epdk3kbeprscamoqspl0" -> null
TestEndToEndDeploymentScenario 2025-12-08T13:56:43+03:00 logger.go:66:       - labels                    = {} -> null
TestEndToEndDeploymentScenario 2025-12-08T13:56:43+03:00 logger.go:66:       - metadata                  = {
TestEndToEndDeploymentScenario 2025-12-08T13:56:43+03:00 logger.go:66:           - "ssh-keys" = <<-EOT
TestEndToEndDeploymentScenario 2025-12-08T13:56:43+03:00 logger.go:66:                 zodiac:ssh-ed25519 AAAAC3NzaC1lZDI1NTE5AAAAID0rnf1HQQsnE9a3AGgRuy0qZevnBV/7fHdqdgha9CBf zodiac@owgrant
TestEndToEndDeploymentScenario 2025-12-08T13:56:43+03:00 logger.go:66:             EOT
TestEndToEndDeploymentScenario 2025-12-08T13:56:43+03:00 logger.go:66:         } -> null
TestEndToEndDeploymentScenario 2025-12-08T13:56:43+03:00 logger.go:66:       - name                      = "wp-app-2" -> null
TestEndToEndDeploymentScenario 2025-12-08T13:56:43+03:00 logger.go:66:       - network_acceleration_type = "standard" -> null
TestEndToEndDeploymentScenario 2025-12-08T13:56:43+03:00 logger.go:66:       - platform_id               = "standard-v1" -> null
TestEndToEndDeploymentScenario 2025-12-08T13:56:43+03:00 logger.go:66:       - status                    = "running" -> null
TestEndToEndDeploymentScenario 2025-12-08T13:56:43+03:00 logger.go:66:       - zone                      = "ru-central1-b" -> null
TestEndToEndDeploymentScenario 2025-12-08T13:56:43+03:00 logger.go:66:         # (5 unchanged attributes hidden)
TestEndToEndDeploymentScenario 2025-12-08T13:56:43+03:00 logger.go:66:
TestEndToEndDeploymentScenario 2025-12-08T13:56:43+03:00 logger.go:66:       - boot_disk {
TestEndToEndDeploymentScenario 2025-12-08T13:56:43+03:00 logger.go:66:           - auto_delete = true -> null
TestEndToEndDeploymentScenario 2025-12-08T13:56:43+03:00 logger.go:66:           - device_name = "epdt4s87h834vr0c9kqf" -> null
TestEndToEndDeploymentScenario 2025-12-08T13:56:43+03:00 logger.go:66:           - disk_id     = "epdt4s87h834vr0c9kqf" -> null
TestEndToEndDeploymentScenario 2025-12-08T13:56:43+03:00 logger.go:66:           - mode        = "READ_WRITE" -> null
TestEndToEndDeploymentScenario 2025-12-08T13:56:43+03:00 logger.go:66:
TestEndToEndDeploymentScenario 2025-12-08T13:56:43+03:00 logger.go:66:           - initialize_params {
TestEndToEndDeploymentScenario 2025-12-08T13:56:43+03:00 logger.go:66:               - block_size  = 4096 -> null
TestEndToEndDeploymentScenario 2025-12-08T13:56:43+03:00 logger.go:66:               - image_id    = "fd80viupr3qjr5g6g9du" -> null
TestEndToEndDeploymentScenario 2025-12-08T13:56:43+03:00 logger.go:66:                 name        = null
TestEndToEndDeploymentScenario 2025-12-08T13:56:43+03:00 logger.go:66:               - size        = 3 -> null
TestEndToEndDeploymentScenario 2025-12-08T13:56:43+03:00 logger.go:66:               - type        = "network-hdd" -> null
TestEndToEndDeploymentScenario 2025-12-08T13:56:43+03:00 logger.go:66:                 # (3 unchanged attributes hidden)
TestEndToEndDeploymentScenario 2025-12-08T13:56:43+03:00 logger.go:66:             }
TestEndToEndDeploymentScenario 2025-12-08T13:56:43+03:00 logger.go:66:         }
TestEndToEndDeploymentScenario 2025-12-08T13:56:43+03:00 logger.go:66:
TestEndToEndDeploymentScenario 2025-12-08T13:56:43+03:00 logger.go:66:       - metadata_options {
TestEndToEndDeploymentScenario 2025-12-08T13:56:43+03:00 logger.go:66:           - aws_v1_http_endpoint = 1 -> null
TestEndToEndDeploymentScenario 2025-12-08T13:56:43+03:00 logger.go:66:           - aws_v1_http_token    = 2 -> null
TestEndToEndDeploymentScenario 2025-12-08T13:56:43+03:00 logger.go:66:           - gce_http_endpoint    = 1 -> null
TestEndToEndDeploymentScenario 2025-12-08T13:56:43+03:00 logger.go:66:           - gce_http_token       = 1 -> null
TestEndToEndDeploymentScenario 2025-12-08T13:56:43+03:00 logger.go:66:         }
TestEndToEndDeploymentScenario 2025-12-08T13:56:43+03:00 logger.go:66:
TestEndToEndDeploymentScenario 2025-12-08T13:56:43+03:00 logger.go:66:       - network_interface {
TestEndToEndDeploymentScenario 2025-12-08T13:56:43+03:00 logger.go:66:           - index              = 0 -> null
TestEndToEndDeploymentScenario 2025-12-08T13:56:43+03:00 logger.go:66:           - ip_address         = "10.3.0.33" -> null
TestEndToEndDeploymentScenario 2025-12-08T13:56:43+03:00 logger.go:66:           - ipv4               = true -> null
TestEndToEndDeploymentScenario 2025-12-08T13:56:43+03:00 logger.go:66:           - ipv6               = false -> null
TestEndToEndDeploymentScenario 2025-12-08T13:56:43+03:00 logger.go:66:           - mac_address        = "d0:0d:14:1d:16:ec" -> null
TestEndToEndDeploymentScenario 2025-12-08T13:56:43+03:00 logger.go:66:           - nat                = true -> null
TestEndToEndDeploymentScenario 2025-12-08T13:56:43+03:00 logger.go:66:           - nat_ip_address     = "158.160.73.7" -> null
TestEndToEndDeploymentScenario 2025-12-08T13:56:43+03:00 logger.go:66:           - nat_ip_version     = "IPV4" -> null
TestEndToEndDeploymentScenario 2025-12-08T13:56:43+03:00 logger.go:66:           - security_group_ids = [] -> null
TestEndToEndDeploymentScenario 2025-12-08T13:56:43+03:00 logger.go:66:           - subnet_id          = "e2la2v9vk8vujd3t3q24" -> null
TestEndToEndDeploymentScenario 2025-12-08T13:56:43+03:00 logger.go:66:             # (1 unchanged attribute hidden)
TestEndToEndDeploymentScenario 2025-12-08T13:56:43+03:00 logger.go:66:         }
TestEndToEndDeploymentScenario 2025-12-08T13:56:43+03:00 logger.go:66:
TestEndToEndDeploymentScenario 2025-12-08T13:56:43+03:00 logger.go:66:       - placement_policy {
TestEndToEndDeploymentScenario 2025-12-08T13:56:43+03:00 logger.go:66:           - host_affinity_rules       = [] -> null
TestEndToEndDeploymentScenario 2025-12-08T13:56:43+03:00 logger.go:66:           - placement_group_partition = 0 -> null
TestEndToEndDeploymentScenario 2025-12-08T13:56:43+03:00 logger.go:66:             # (1 unchanged attribute hidden)
TestEndToEndDeploymentScenario 2025-12-08T13:56:43+03:00 logger.go:66:         }
TestEndToEndDeploymentScenario 2025-12-08T13:56:43+03:00 logger.go:66:
TestEndToEndDeploymentScenario 2025-12-08T13:56:43+03:00 logger.go:66:       - resources {
TestEndToEndDeploymentScenario 2025-12-08T13:56:43+03:00 logger.go:66:           - core_fraction = 100 -> null
TestEndToEndDeploymentScenario 2025-12-08T13:56:43+03:00 logger.go:66:           - cores         = 2 -> null
TestEndToEndDeploymentScenario 2025-12-08T13:56:43+03:00 logger.go:66:           - gpus          = 0 -> null
TestEndToEndDeploymentScenario 2025-12-08T13:56:43+03:00 logger.go:66:           - memory        = 2 -> null
TestEndToEndDeploymentScenario 2025-12-08T13:56:43+03:00 logger.go:66:         }
TestEndToEndDeploymentScenario 2025-12-08T13:56:43+03:00 logger.go:66:
TestEndToEndDeploymentScenario 2025-12-08T13:56:43+03:00 logger.go:66:       - scheduling_policy {
TestEndToEndDeploymentScenario 2025-12-08T13:56:43+03:00 logger.go:66:           - preemptible = false -> null
TestEndToEndDeploymentScenario 2025-12-08T13:56:43+03:00 logger.go:66:         }
TestEndToEndDeploymentScenario 2025-12-08T13:56:43+03:00 logger.go:66:     }
TestEndToEndDeploymentScenario 2025-12-08T13:56:43+03:00 logger.go:66:
TestEndToEndDeploymentScenario 2025-12-08T13:56:43+03:00 logger.go:66:   # yandex_lb_network_load_balancer.wp_lb will be destroyed
TestEndToEndDeploymentScenario 2025-12-08T13:56:43+03:00 logger.go:66:   - resource "yandex_lb_network_load_balancer" "wp_lb" {
TestEndToEndDeploymentScenario 2025-12-08T13:56:43+03:00 logger.go:66:       - allow_zonal_shift   = false -> null
TestEndToEndDeploymentScenario 2025-12-08T13:56:43+03:00 logger.go:66:       - created_at          = "2025-12-08T10:46:17Z" -> null
TestEndToEndDeploymentScenario 2025-12-08T13:56:43+03:00 logger.go:66:       - deletion_protection = false -> null
TestEndToEndDeploymentScenario 2025-12-08T13:56:43+03:00 logger.go:66:       - folder_id           = "b1g7a8t1n2r7kej2q8rl" -> null
TestEndToEndDeploymentScenario 2025-12-08T13:56:43+03:00 logger.go:66:       - id                  = "enpdq0p8uvd11dftf873" -> null
TestEndToEndDeploymentScenario 2025-12-08T13:56:43+03:00 logger.go:66:       - labels              = {} -> null
TestEndToEndDeploymentScenario 2025-12-08T13:56:43+03:00 logger.go:66:       - name                = "wp-network-load-balancer" -> null
TestEndToEndDeploymentScenario 2025-12-08T13:56:43+03:00 logger.go:66:       - region_id           = "ru-central1" -> null
TestEndToEndDeploymentScenario 2025-12-08T13:56:43+03:00 logger.go:66:       - type                = "external" -> null
TestEndToEndDeploymentScenario 2025-12-08T13:56:43+03:00 logger.go:66:         # (1 unchanged attribute hidden)
TestEndToEndDeploymentScenario 2025-12-08T13:56:43+03:00 logger.go:66:
TestEndToEndDeploymentScenario 2025-12-08T13:56:43+03:00 logger.go:66:       - attached_target_group {
TestEndToEndDeploymentScenario 2025-12-08T13:56:43+03:00 logger.go:66:           - target_group_id = "enpejme7mj1nv5ubvq08" -> null
TestEndToEndDeploymentScenario 2025-12-08T13:56:43+03:00 logger.go:66:
TestEndToEndDeploymentScenario 2025-12-08T13:56:43+03:00 logger.go:66:           - healthcheck {
TestEndToEndDeploymentScenario 2025-12-08T13:56:43+03:00 logger.go:66:               - healthy_threshold   = 2 -> null
TestEndToEndDeploymentScenario 2025-12-08T13:56:43+03:00 logger.go:66:               - interval            = 2 -> null
TestEndToEndDeploymentScenario 2025-12-08T13:56:43+03:00 logger.go:66:               - name                = "http" -> null
TestEndToEndDeploymentScenario 2025-12-08T13:56:43+03:00 logger.go:66:               - timeout             = 1 -> null
TestEndToEndDeploymentScenario 2025-12-08T13:56:43+03:00 logger.go:66:               - unhealthy_threshold = 2 -> null
TestEndToEndDeploymentScenario 2025-12-08T13:56:43+03:00 logger.go:66:
TestEndToEndDeploymentScenario 2025-12-08T13:56:43+03:00 logger.go:66:               - http_options {
TestEndToEndDeploymentScenario 2025-12-08T13:56:43+03:00 logger.go:66:                   - path = "/health" -> null
TestEndToEndDeploymentScenario 2025-12-08T13:56:43+03:00 logger.go:66:                   - port = 80 -> null
TestEndToEndDeploymentScenario 2025-12-08T13:56:43+03:00 logger.go:66:                 }
TestEndToEndDeploymentScenario 2025-12-08T13:56:43+03:00 logger.go:66:             }
TestEndToEndDeploymentScenario 2025-12-08T13:56:43+03:00 logger.go:66:         }
TestEndToEndDeploymentScenario 2025-12-08T13:56:43+03:00 logger.go:66:
TestEndToEndDeploymentScenario 2025-12-08T13:56:43+03:00 logger.go:66:       - listener {
TestEndToEndDeploymentScenario 2025-12-08T13:56:43+03:00 logger.go:66:           - name        = "wp-listener" -> null
TestEndToEndDeploymentScenario 2025-12-08T13:56:43+03:00 logger.go:66:           - port        = 80 -> null
TestEndToEndDeploymentScenario 2025-12-08T13:56:43+03:00 logger.go:66:           - protocol    = "tcp" -> null
TestEndToEndDeploymentScenario 2025-12-08T13:56:43+03:00 logger.go:66:           - target_port = 80 -> null
TestEndToEndDeploymentScenario 2025-12-08T13:56:43+03:00 logger.go:66:
TestEndToEndDeploymentScenario 2025-12-08T13:56:43+03:00 logger.go:66:           - external_address_spec {
TestEndToEndDeploymentScenario 2025-12-08T13:56:43+03:00 logger.go:66:               - address    = "158.160.217.89" -> null
TestEndToEndDeploymentScenario 2025-12-08T13:56:43+03:00 logger.go:66:               - ip_version = "ipv4" -> null
TestEndToEndDeploymentScenario 2025-12-08T13:56:43+03:00 logger.go:66:             }
TestEndToEndDeploymentScenario 2025-12-08T13:56:43+03:00 logger.go:66:         }
TestEndToEndDeploymentScenario 2025-12-08T13:56:43+03:00 logger.go:66:     }
TestEndToEndDeploymentScenario 2025-12-08T13:56:43+03:00 logger.go:66:
TestEndToEndDeploymentScenario 2025-12-08T13:56:43+03:00 logger.go:66:   # yandex_lb_target_group.wp_tg will be destroyed
TestEndToEndDeploymentScenario 2025-12-08T13:56:43+03:00 logger.go:66:   - resource "yandex_lb_target_group" "wp_tg" {
TestEndToEndDeploymentScenario 2025-12-08T13:56:43+03:00 logger.go:66:       - created_at      = "2025-12-08T10:46:15Z" -> null
TestEndToEndDeploymentScenario 2025-12-08T13:56:43+03:00 logger.go:66:       - folder_id       = "b1g7a8t1n2r7kej2q8rl" -> null
TestEndToEndDeploymentScenario 2025-12-08T13:56:43+03:00 logger.go:66:       - id              = "enpejme7mj1nv5ubvq08" -> null
TestEndToEndDeploymentScenario 2025-12-08T13:56:43+03:00 logger.go:66:       - name            = "wp-target-group" -> null
TestEndToEndDeploymentScenario 2025-12-08T13:56:43+03:00 logger.go:66:       - region_id       = "ru-central1" -> null
TestEndToEndDeploymentScenario 2025-12-08T13:56:43+03:00 logger.go:66:       - target_group_id = "enpejme7mj1nv5ubvq08" -> null
TestEndToEndDeploymentScenario 2025-12-08T13:56:43+03:00 logger.go:66:         # (1 unchanged attribute hidden)
TestEndToEndDeploymentScenario 2025-12-08T13:56:43+03:00 logger.go:66:
TestEndToEndDeploymentScenario 2025-12-08T13:56:43+03:00 logger.go:66:       - target {
TestEndToEndDeploymentScenario 2025-12-08T13:56:43+03:00 logger.go:66:           - address   = "10.2.0.24" -> null
TestEndToEndDeploymentScenario 2025-12-08T13:56:43+03:00 logger.go:66:           - subnet_id = "e9b6odhlaqbcsqhofo63" -> null
TestEndToEndDeploymentScenario 2025-12-08T13:56:43+03:00 logger.go:66:         }
TestEndToEndDeploymentScenario 2025-12-08T13:56:43+03:00 logger.go:66:       - target {
TestEndToEndDeploymentScenario 2025-12-08T13:56:43+03:00 logger.go:66:           - address   = "10.3.0.33" -> null
TestEndToEndDeploymentScenario 2025-12-08T13:56:43+03:00 logger.go:66:           - subnet_id = "e2la2v9vk8vujd3t3q24" -> null
TestEndToEndDeploymentScenario 2025-12-08T13:56:43+03:00 logger.go:66:         }
TestEndToEndDeploymentScenario 2025-12-08T13:56:43+03:00 logger.go:66:     }
TestEndToEndDeploymentScenario 2025-12-08T13:56:43+03:00 logger.go:66:
TestEndToEndDeploymentScenario 2025-12-08T13:56:43+03:00 logger.go:66:   # yandex_mdb_mysql_cluster.wp_mysql will be destroyed
TestEndToEndDeploymentScenario 2025-12-08T13:56:43+03:00 logger.go:66:   - resource "yandex_mdb_mysql_cluster" "wp_mysql" {
TestEndToEndDeploymentScenario 2025-12-08T13:56:43+03:00 logger.go:66:       - allow_regeneration_host   = false -> null
TestEndToEndDeploymentScenario 2025-12-08T13:56:43+03:00 logger.go:66:       - backup_retain_period_days = 7 -> null
TestEndToEndDeploymentScenario 2025-12-08T13:56:43+03:00 logger.go:66:       - created_at                = "2025-12-08T10:45:23Z" -> null
TestEndToEndDeploymentScenario 2025-12-08T13:56:43+03:00 logger.go:66:       - deletion_protection       = false -> null
TestEndToEndDeploymentScenario 2025-12-08T13:56:43+03:00 logger.go:66:       - environment               = "PRODUCTION" -> null
TestEndToEndDeploymentScenario 2025-12-08T13:56:43+03:00 logger.go:66:       - folder_id                 = "b1g7a8t1n2r7kej2q8rl" -> null
TestEndToEndDeploymentScenario 2025-12-08T13:56:43+03:00 logger.go:66:       - health                    = "ALIVE" -> null
TestEndToEndDeploymentScenario 2025-12-08T13:56:43+03:00 logger.go:66:       - host_group_ids            = [] -> null
TestEndToEndDeploymentScenario 2025-12-08T13:56:43+03:00 logger.go:66:       - id                        = "c9q8uj4g73seslsf6ldf" -> null
TestEndToEndDeploymentScenario 2025-12-08T13:56:43+03:00 logger.go:66:       - labels                    = {} -> null
TestEndToEndDeploymentScenario 2025-12-08T13:56:43+03:00 logger.go:66:       - mysql_config              = {
TestEndToEndDeploymentScenario 2025-12-08T13:56:43+03:00 logger.go:66:           - "binlog_transaction_dependency_tracking" = "0"
TestEndToEndDeploymentScenario 2025-12-08T13:56:43+03:00 logger.go:66:           - "sql_mode"                               = "ONLY_FULL_GROUP_BY,STRICT_TRANS_TABLES,NO_ZERO_IN_DATE,NO_ZERO_DATE,ERROR_FOR_DIVISION_BY_ZERO,NO_ENGINE_SUBSTITUTION"
TestEndToEndDeploymentScenario 2025-12-08T13:56:43+03:00 logger.go:66:         } -> null
TestEndToEndDeploymentScenario 2025-12-08T13:56:43+03:00 logger.go:66:       - name                      = "wp-mysql" -> null
TestEndToEndDeploymentScenario 2025-12-08T13:56:43+03:00 logger.go:66:       - network_id                = "enprk9b7r8sgrsdq10ga" -> null
TestEndToEndDeploymentScenario 2025-12-08T13:56:43+03:00 logger.go:66:       - security_group_ids        = [] -> null
TestEndToEndDeploymentScenario 2025-12-08T13:56:43+03:00 logger.go:66:       - status                    = "RUNNING" -> null
TestEndToEndDeploymentScenario 2025-12-08T13:56:43+03:00 logger.go:66:       - version                   = "8.0" -> null
TestEndToEndDeploymentScenario 2025-12-08T13:56:43+03:00 logger.go:66:         # (1 unchanged attribute hidden)
TestEndToEndDeploymentScenario 2025-12-08T13:56:43+03:00 logger.go:66:
TestEndToEndDeploymentScenario 2025-12-08T13:56:43+03:00 logger.go:66:       - access {
TestEndToEndDeploymentScenario 2025-12-08T13:56:43+03:00 logger.go:66:           - data_lens     = false -> null
TestEndToEndDeploymentScenario 2025-12-08T13:56:43+03:00 logger.go:66:           - data_transfer = false -> null
TestEndToEndDeploymentScenario 2025-12-08T13:56:43+03:00 logger.go:66:           - web_sql       = false -> null
TestEndToEndDeploymentScenario 2025-12-08T13:56:43+03:00 logger.go:66:         }
TestEndToEndDeploymentScenario 2025-12-08T13:56:43+03:00 logger.go:66:
TestEndToEndDeploymentScenario 2025-12-08T13:56:43+03:00 logger.go:66:       - backup_window_start {
TestEndToEndDeploymentScenario 2025-12-08T13:56:43+03:00 logger.go:66:           - hours   = 0 -> null
TestEndToEndDeploymentScenario 2025-12-08T13:56:43+03:00 logger.go:66:           - minutes = 0 -> null
TestEndToEndDeploymentScenario 2025-12-08T13:56:43+03:00 logger.go:66:         }
TestEndToEndDeploymentScenario 2025-12-08T13:56:43+03:00 logger.go:66:
TestEndToEndDeploymentScenario 2025-12-08T13:56:43+03:00 logger.go:66:       - disk_size_autoscaling {
TestEndToEndDeploymentScenario 2025-12-08T13:56:43+03:00 logger.go:66:           - disk_size_limit           = 0 -> null
TestEndToEndDeploymentScenario 2025-12-08T13:56:43+03:00 logger.go:66:           - emergency_usage_threshold = 0 -> null
TestEndToEndDeploymentScenario 2025-12-08T13:56:43+03:00 logger.go:66:           - planned_usage_threshold   = 0 -> null
TestEndToEndDeploymentScenario 2025-12-08T13:56:43+03:00 logger.go:66:         }
TestEndToEndDeploymentScenario 2025-12-08T13:56:43+03:00 logger.go:66:
TestEndToEndDeploymentScenario 2025-12-08T13:56:43+03:00 logger.go:66:       - host {
TestEndToEndDeploymentScenario 2025-12-08T13:56:43+03:00 logger.go:66:           - assign_public_ip        = true -> null
TestEndToEndDeploymentScenario 2025-12-08T13:56:43+03:00 logger.go:66:           - backup_priority         = 0 -> null
TestEndToEndDeploymentScenario 2025-12-08T13:56:43+03:00 logger.go:66:           - fqdn                    = "rc1a-pu50c26funo812v4.mdb.yandexcloud.net" -> null
TestEndToEndDeploymentScenario 2025-12-08T13:56:43+03:00 logger.go:66:             name                    = null
TestEndToEndDeploymentScenario 2025-12-08T13:56:43+03:00 logger.go:66:           - priority                = 0 -> null
TestEndToEndDeploymentScenario 2025-12-08T13:56:43+03:00 logger.go:66:           - subnet_id               = "e9b6odhlaqbcsqhofo63" -> null
TestEndToEndDeploymentScenario 2025-12-08T13:56:43+03:00 logger.go:66:           - zone                    = "ru-central1-a" -> null
TestEndToEndDeploymentScenario 2025-12-08T13:56:43+03:00 logger.go:66:             # (2 unchanged attributes hidden)
TestEndToEndDeploymentScenario 2025-12-08T13:56:43+03:00 logger.go:66:         }
TestEndToEndDeploymentScenario 2025-12-08T13:56:43+03:00 logger.go:66:       - host {
TestEndToEndDeploymentScenario 2025-12-08T13:56:43+03:00 logger.go:66:           - assign_public_ip        = true -> null
TestEndToEndDeploymentScenario 2025-12-08T13:56:43+03:00 logger.go:66:           - backup_priority         = 0 -> null
TestEndToEndDeploymentScenario 2025-12-08T13:56:43+03:00 logger.go:66:           - fqdn                    = "rc1b-5dt2gjvlv5ohvva6.mdb.yandexcloud.net" -> null
TestEndToEndDeploymentScenario 2025-12-08T13:56:43+03:00 logger.go:66:             name                    = null
TestEndToEndDeploymentScenario 2025-12-08T13:56:43+03:00 logger.go:66:           - priority                = 0 -> null
TestEndToEndDeploymentScenario 2025-12-08T13:56:43+03:00 logger.go:66:           - subnet_id               = "e2la2v9vk8vujd3t3q24" -> null
TestEndToEndDeploymentScenario 2025-12-08T13:56:43+03:00 logger.go:66:           - zone                    = "ru-central1-b" -> null
TestEndToEndDeploymentScenario 2025-12-08T13:56:43+03:00 logger.go:66:             # (2 unchanged attributes hidden)
TestEndToEndDeploymentScenario 2025-12-08T13:56:43+03:00 logger.go:66:         }
TestEndToEndDeploymentScenario 2025-12-08T13:56:43+03:00 logger.go:66:
TestEndToEndDeploymentScenario 2025-12-08T13:56:43+03:00 logger.go:66:       - maintenance_window {
TestEndToEndDeploymentScenario 2025-12-08T13:56:43+03:00 logger.go:66:           - hour = 0 -> null
TestEndToEndDeploymentScenario 2025-12-08T13:56:43+03:00 logger.go:66:           - type = "ANYTIME" -> null
TestEndToEndDeploymentScenario 2025-12-08T13:56:43+03:00 logger.go:66:             # (1 unchanged attribute hidden)
TestEndToEndDeploymentScenario 2025-12-08T13:56:43+03:00 logger.go:66:         }
TestEndToEndDeploymentScenario 2025-12-08T13:56:43+03:00 logger.go:66:
TestEndToEndDeploymentScenario 2025-12-08T13:56:43+03:00 logger.go:66:       - performance_diagnostics {
TestEndToEndDeploymentScenario 2025-12-08T13:56:43+03:00 logger.go:66:           - enabled                      = false -> null
TestEndToEndDeploymentScenario 2025-12-08T13:56:43+03:00 logger.go:66:           - sessions_sampling_interval   = 60 -> null
TestEndToEndDeploymentScenario 2025-12-08T13:56:43+03:00 logger.go:66:           - statements_sampling_interval = 600 -> null
TestEndToEndDeploymentScenario 2025-12-08T13:56:43+03:00 logger.go:66:         }
TestEndToEndDeploymentScenario 2025-12-08T13:56:43+03:00 logger.go:66:
TestEndToEndDeploymentScenario 2025-12-08T13:56:43+03:00 logger.go:66:       - resources {
TestEndToEndDeploymentScenario 2025-12-08T13:56:43+03:00 logger.go:66:           - disk_size          = 16 -> null
TestEndToEndDeploymentScenario 2025-12-08T13:56:43+03:00 logger.go:66:           - disk_type_id       = "network-ssd" -> null
TestEndToEndDeploymentScenario 2025-12-08T13:56:43+03:00 logger.go:66:           - resource_preset_id = "s2.micro" -> null
TestEndToEndDeploymentScenario 2025-12-08T13:56:43+03:00 logger.go:66:         }
TestEndToEndDeploymentScenario 2025-12-08T13:56:43+03:00 logger.go:66:     }
TestEndToEndDeploymentScenario 2025-12-08T13:56:43+03:00 logger.go:66:
TestEndToEndDeploymentScenario 2025-12-08T13:56:43+03:00 logger.go:66:   # yandex_mdb_mysql_database.wp_db will be destroyed
TestEndToEndDeploymentScenario 2025-12-08T13:56:43+03:00 logger.go:66:   - resource "yandex_mdb_mysql_database" "wp_db" {
TestEndToEndDeploymentScenario 2025-12-08T13:56:43+03:00 logger.go:66:       - cluster_id = "c9q8uj4g73seslsf6ldf" -> null
TestEndToEndDeploymentScenario 2025-12-08T13:56:43+03:00 logger.go:66:       - id         = "c9q8uj4g73seslsf6ldf:db" -> null
TestEndToEndDeploymentScenario 2025-12-08T13:56:43+03:00 logger.go:66:       - name       = "db" -> null
TestEndToEndDeploymentScenario 2025-12-08T13:56:43+03:00 logger.go:66:     }
TestEndToEndDeploymentScenario 2025-12-08T13:56:43+03:00 logger.go:66:
TestEndToEndDeploymentScenario 2025-12-08T13:56:43+03:00 logger.go:66:   # yandex_mdb_mysql_user.wp_db_user will be destroyed
TestEndToEndDeploymentScenario 2025-12-08T13:56:43+03:00 logger.go:66:   - resource "yandex_mdb_mysql_user" "wp_db_user" {
TestEndToEndDeploymentScenario 2025-12-08T13:56:43+03:00 logger.go:66:       - authentication_plugin = "MYSQL_NATIVE_PASSWORD" -> null
TestEndToEndDeploymentScenario 2025-12-08T13:56:43+03:00 logger.go:66:       - cluster_id            = "c9q8uj4g73seslsf6ldf" -> null
TestEndToEndDeploymentScenario 2025-12-08T13:56:43+03:00 logger.go:66:       - connection_manager    = {} -> null
TestEndToEndDeploymentScenario 2025-12-08T13:56:43+03:00 logger.go:66:       - generate_password     = false -> null
TestEndToEndDeploymentScenario 2025-12-08T13:56:43+03:00 logger.go:66:       - global_permissions    = [] -> null
TestEndToEndDeploymentScenario 2025-12-08T13:56:43+03:00 logger.go:66:       - id                    = "c9q8uj4g73seslsf6ldf:user" -> null
TestEndToEndDeploymentScenario 2025-12-08T13:56:43+03:00 logger.go:66:       - name                  = "user" -> null
TestEndToEndDeploymentScenario 2025-12-08T13:56:43+03:00 logger.go:66:       - password              = (sensitive value) -> null
TestEndToEndDeploymentScenario 2025-12-08T13:56:43+03:00 logger.go:66:
TestEndToEndDeploymentScenario 2025-12-08T13:56:43+03:00 logger.go:66:       - permission {
TestEndToEndDeploymentScenario 2025-12-08T13:56:43+03:00 logger.go:66:           - database_name = "db" -> null
TestEndToEndDeploymentScenario 2025-12-08T13:56:43+03:00 logger.go:66:           - roles         = [
TestEndToEndDeploymentScenario 2025-12-08T13:56:43+03:00 logger.go:66:               - "ALL",
TestEndToEndDeploymentScenario 2025-12-08T13:56:43+03:00 logger.go:66:             ] -> null
TestEndToEndDeploymentScenario 2025-12-08T13:56:43+03:00 logger.go:66:         }
TestEndToEndDeploymentScenario 2025-12-08T13:56:43+03:00 logger.go:66:     }
TestEndToEndDeploymentScenario 2025-12-08T13:56:43+03:00 logger.go:66:
TestEndToEndDeploymentScenario 2025-12-08T13:56:43+03:00 logger.go:66:   # yandex_vpc_network.wp-network[0] will be destroyed
TestEndToEndDeploymentScenario 2025-12-08T13:56:43+03:00 logger.go:66:   - resource "yandex_vpc_network" "wp-network" {
TestEndToEndDeploymentScenario 2025-12-08T13:56:43+03:00 logger.go:66:       - created_at                = "2025-12-08T10:45:19Z" -> null
TestEndToEndDeploymentScenario 2025-12-08T13:56:43+03:00 logger.go:66:       - default_security_group_id = "enpn46fed76ohbpn1n04" -> null
TestEndToEndDeploymentScenario 2025-12-08T13:56:43+03:00 logger.go:66:       - folder_id                 = "b1g7a8t1n2r7kej2q8rl" -> null
TestEndToEndDeploymentScenario 2025-12-08T13:56:43+03:00 logger.go:66:       - id                        = "enprk9b7r8sgrsdq10ga" -> null
TestEndToEndDeploymentScenario 2025-12-08T13:56:43+03:00 logger.go:66:       - labels                    = {} -> null
TestEndToEndDeploymentScenario 2025-12-08T13:56:43+03:00 logger.go:66:       - name                      = "wp-network" -> null
TestEndToEndDeploymentScenario 2025-12-08T13:56:43+03:00 logger.go:66:       - subnet_ids                = [
TestEndToEndDeploymentScenario 2025-12-08T13:56:43+03:00 logger.go:66:           - "e2la2v9vk8vujd3t3q24",
TestEndToEndDeploymentScenario 2025-12-08T13:56:43+03:00 logger.go:66:           - "e9b6odhlaqbcsqhofo63",
TestEndToEndDeploymentScenario 2025-12-08T13:56:43+03:00 logger.go:66:         ] -> null
TestEndToEndDeploymentScenario 2025-12-08T13:56:43+03:00 logger.go:66:         # (1 unchanged attribute hidden)
TestEndToEndDeploymentScenario 2025-12-08T13:56:43+03:00 logger.go:66:     }
TestEndToEndDeploymentScenario 2025-12-08T13:56:43+03:00 logger.go:66:
TestEndToEndDeploymentScenario 2025-12-08T13:56:43+03:00 logger.go:66:   # yandex_vpc_subnet.wp-subnet-a will be destroyed
TestEndToEndDeploymentScenario 2025-12-08T13:56:43+03:00 logger.go:66:   - resource "yandex_vpc_subnet" "wp-subnet-a" {
TestEndToEndDeploymentScenario 2025-12-08T13:56:43+03:00 logger.go:66:       - created_at     = "2025-12-08T10:45:22Z" -> null
TestEndToEndDeploymentScenario 2025-12-08T13:56:43+03:00 logger.go:66:       - folder_id      = "b1g7a8t1n2r7kej2q8rl" -> null
TestEndToEndDeploymentScenario 2025-12-08T13:56:43+03:00 logger.go:66:       - id             = "e9b6odhlaqbcsqhofo63" -> null
TestEndToEndDeploymentScenario 2025-12-08T13:56:43+03:00 logger.go:66:       - labels         = {} -> null
TestEndToEndDeploymentScenario 2025-12-08T13:56:43+03:00 logger.go:66:       - name           = "wp-subnet-a" -> null
TestEndToEndDeploymentScenario 2025-12-08T13:56:43+03:00 logger.go:66:       - network_id     = "enprk9b7r8sgrsdq10ga" -> null
TestEndToEndDeploymentScenario 2025-12-08T13:56:43+03:00 logger.go:66:       - v4_cidr_blocks = [
TestEndToEndDeploymentScenario 2025-12-08T13:56:43+03:00 logger.go:66:           - "10.2.0.0/16",
TestEndToEndDeploymentScenario 2025-12-08T13:56:43+03:00 logger.go:66:         ] -> null
TestEndToEndDeploymentScenario 2025-12-08T13:56:43+03:00 logger.go:66:       - v6_cidr_blocks = [] -> null
TestEndToEndDeploymentScenario 2025-12-08T13:56:43+03:00 logger.go:66:       - zone           = "ru-central1-a" -> null
TestEndToEndDeploymentScenario 2025-12-08T13:56:43+03:00 logger.go:66:         # (2 unchanged attributes hidden)
TestEndToEndDeploymentScenario 2025-12-08T13:56:43+03:00 logger.go:66:     }
TestEndToEndDeploymentScenario 2025-12-08T13:56:43+03:00 logger.go:66:
TestEndToEndDeploymentScenario 2025-12-08T13:56:43+03:00 logger.go:66:   # yandex_vpc_subnet.wp-subnet-b will be destroyed
TestEndToEndDeploymentScenario 2025-12-08T13:56:43+03:00 logger.go:66:   - resource "yandex_vpc_subnet" "wp-subnet-b" {
TestEndToEndDeploymentScenario 2025-12-08T13:56:43+03:00 logger.go:66:       - created_at     = "2025-12-08T10:45:22Z" -> null
TestEndToEndDeploymentScenario 2025-12-08T13:56:43+03:00 logger.go:66:       - folder_id      = "b1g7a8t1n2r7kej2q8rl" -> null
TestEndToEndDeploymentScenario 2025-12-08T13:56:43+03:00 logger.go:66:       - id             = "e2la2v9vk8vujd3t3q24" -> null
TestEndToEndDeploymentScenario 2025-12-08T13:56:43+03:00 logger.go:66:       - labels         = {} -> null
TestEndToEndDeploymentScenario 2025-12-08T13:56:43+03:00 logger.go:66:       - name           = "wp-subnet-b" -> null
TestEndToEndDeploymentScenario 2025-12-08T13:56:43+03:00 logger.go:66:       - network_id     = "enprk9b7r8sgrsdq10ga" -> null
TestEndToEndDeploymentScenario 2025-12-08T13:56:43+03:00 logger.go:66:       - v4_cidr_blocks = [
TestEndToEndDeploymentScenario 2025-12-08T13:56:43+03:00 logger.go:66:           - "10.3.0.0/16",
TestEndToEndDeploymentScenario 2025-12-08T13:56:43+03:00 logger.go:66:         ] -> null
TestEndToEndDeploymentScenario 2025-12-08T13:56:43+03:00 logger.go:66:       - v6_cidr_blocks = [] -> null
TestEndToEndDeploymentScenario 2025-12-08T13:56:43+03:00 logger.go:66:       - zone           = "ru-central1-b" -> null
TestEndToEndDeploymentScenario 2025-12-08T13:56:43+03:00 logger.go:66:         # (2 unchanged attributes hidden)
TestEndToEndDeploymentScenario 2025-12-08T13:56:43+03:00 logger.go:66:     }
TestEndToEndDeploymentScenario 2025-12-08T13:56:43+03:00 logger.go:66:
TestEndToEndDeploymentScenario 2025-12-08T13:56:43+03:00 logger.go:66: Plan: 0 to add, 0 to change, 10 to destroy.
TestEndToEndDeploymentScenario 2025-12-08T13:56:43+03:00 logger.go:66:
TestEndToEndDeploymentScenario 2025-12-08T13:56:43+03:00 logger.go:66: Changes to Outputs:
TestEndToEndDeploymentScenario 2025-12-08T13:56:43+03:00 logger.go:66:   - database_host_fqdn         = [
TestEndToEndDeploymentScenario 2025-12-08T13:56:43+03:00 logger.go:66:       - "rc1a-pu50c26funo812v4.mdb.yandexcloud.net",
TestEndToEndDeploymentScenario 2025-12-08T13:56:43+03:00 logger.go:66:       - "rc1b-5dt2gjvlv5ohvva6.mdb.yandexcloud.net",
TestEndToEndDeploymentScenario 2025-12-08T13:56:43+03:00 logger.go:66:     ] -> null
TestEndToEndDeploymentScenario 2025-12-08T13:56:43+03:00 logger.go:66:   - db_name                    = "db" -> null
TestEndToEndDeploymentScenario 2025-12-08T13:56:43+03:00 logger.go:66:   - db_password                = (sensitive value) -> null
TestEndToEndDeploymentScenario 2025-12-08T13:56:43+03:00 logger.go:66:   - db_user                    = "user" -> null
TestEndToEndDeploymentScenario 2025-12-08T13:56:43+03:00 logger.go:66:   - load_balancer_public_ip    = "158.160.217.89" -> null
TestEndToEndDeploymentScenario 2025-12-08T13:56:43+03:00 logger.go:66:   - vm_linux_public_ip_address = "130.193.38.169" -> null
TestEndToEndDeploymentScenario 2025-12-08T13:56:43+03:00 logger.go:66:   - vm_ssh_user                = "zodiac" -> null
TestEndToEndDeploymentScenario 2025-12-08T13:56:44+03:00 logger.go:66: yandex_mdb_mysql_user.wp_db_user: Destroying... [id=c9q8uj4g73seslsf6ldf:user]
TestEndToEndDeploymentScenario 2025-12-08T13:56:44+03:00 logger.go:66: yandex_lb_network_load_balancer.wp_lb: Destroying... [id=enpdq0p8uvd11dftf873]
TestEndToEndDeploymentScenario 2025-12-08T13:56:47+03:00 logger.go:66: yandex_lb_network_load_balancer.wp_lb: Destruction complete after 2s
TestEndToEndDeploymentScenario 2025-12-08T13:56:47+03:00 logger.go:66: yandex_lb_target_group.wp_tg: Destroying... [id=enpejme7mj1nv5ubvq08]
TestEndToEndDeploymentScenario 2025-12-08T13:56:49+03:00 logger.go:66: yandex_lb_target_group.wp_tg: Destruction complete after 3s
TestEndToEndDeploymentScenario 2025-12-08T13:56:49+03:00 logger.go:66: yandex_compute_instance.wp-app-2: Destroying... [id=epdk3kbeprscamoqspl0]
TestEndToEndDeploymentScenario 2025-12-08T13:56:49+03:00 logger.go:66: yandex_compute_instance.wp-app-1: Destroying... [id=fhmdttpk2f8nrlnlpu0u]
TestEndToEndDeploymentScenario 2025-12-08T13:56:54+03:00 logger.go:66: yandex_mdb_mysql_user.wp_db_user: Still destroying... [id=c9q8uj4g73seslsf6ldf:user, 00m10s elapsed]
TestEndToEndDeploymentScenario 2025-12-08T13:56:59+03:00 logger.go:66: yandex_compute_instance.wp-app-2: Still destroying... [id=epdk3kbeprscamoqspl0, 00m10s elapsed]
TestEndToEndDeploymentScenario 2025-12-08T13:56:59+03:00 logger.go:66: yandex_compute_instance.wp-app-1: Still destroying... [id=fhmdttpk2f8nrlnlpu0u, 00m10s elapsed]
TestEndToEndDeploymentScenario 2025-12-08T13:57:05+03:00 logger.go:66: yandex_mdb_mysql_user.wp_db_user: Still destroying... [id=c9q8uj4g73seslsf6ldf:user, 00m20s elapsed]
TestEndToEndDeploymentScenario 2025-12-08T13:57:09+03:00 logger.go:66: yandex_compute_instance.wp-app-1: Still destroying... [id=fhmdttpk2f8nrlnlpu0u, 00m20s elapsed]
TestEndToEndDeploymentScenario 2025-12-08T13:57:09+03:00 logger.go:66: yandex_compute_instance.wp-app-2: Still destroying... [id=epdk3kbeprscamoqspl0, 00m20s elapsed]
TestEndToEndDeploymentScenario 2025-12-08T13:57:15+03:00 logger.go:66: yandex_mdb_mysql_user.wp_db_user: Still destroying... [id=c9q8uj4g73seslsf6ldf:user, 00m30s elapsed]
TestEndToEndDeploymentScenario 2025-12-08T13:57:19+03:00 logger.go:66: yandex_compute_instance.wp-app-2: Still destroying... [id=epdk3kbeprscamoqspl0, 00m30s elapsed]
TestEndToEndDeploymentScenario 2025-12-08T13:57:19+03:00 logger.go:66: yandex_compute_instance.wp-app-1: Still destroying... [id=fhmdttpk2f8nrlnlpu0u, 00m30s elapsed]
TestEndToEndDeploymentScenario 2025-12-08T13:57:25+03:00 logger.go:66: yandex_mdb_mysql_user.wp_db_user: Still destroying... [id=c9q8uj4g73seslsf6ldf:user, 00m40s elapsed]
TestEndToEndDeploymentScenario 2025-12-08T13:57:25+03:00 logger.go:66: yandex_compute_instance.wp-app-1: Destruction complete after 36s
TestEndToEndDeploymentScenario 2025-12-08T13:57:28+03:00 logger.go:66: yandex_compute_instance.wp-app-2: Destruction complete after 39s
TestEndToEndDeploymentScenario 2025-12-08T13:57:29+03:00 logger.go:66: yandex_mdb_mysql_user.wp_db_user: Destruction complete after 45s
TestEndToEndDeploymentScenario 2025-12-08T13:57:29+03:00 logger.go:66: yandex_mdb_mysql_database.wp_db: Destroying... [id=c9q8uj4g73seslsf6ldf:db]
TestEndToEndDeploymentScenario 2025-12-08T13:57:39+03:00 logger.go:66: yandex_mdb_mysql_database.wp_db: Still destroying... [id=c9q8uj4g73seslsf6ldf:db, 00m10s elapsed]
TestEndToEndDeploymentScenario 2025-12-08T13:57:49+03:00 logger.go:66: yandex_mdb_mysql_database.wp_db: Still destroying... [id=c9q8uj4g73seslsf6ldf:db, 00m20s elapsed]
TestEndToEndDeploymentScenario 2025-12-08T13:57:59+03:00 logger.go:66: yandex_mdb_mysql_database.wp_db: Still destroying... [id=c9q8uj4g73seslsf6ldf:db, 00m30s elapsed]
TestEndToEndDeploymentScenario 2025-12-08T13:58:09+03:00 logger.go:66: yandex_mdb_mysql_database.wp_db: Still destroying... [id=c9q8uj4g73seslsf6ldf:db, 00m40s elapsed]
TestEndToEndDeploymentScenario 2025-12-08T13:58:09+03:00 logger.go:66: yandex_mdb_mysql_database.wp_db: Destruction complete after 40s
TestEndToEndDeploymentScenario 2025-12-08T13:58:09+03:00 logger.go:66: yandex_mdb_mysql_cluster.wp_mysql: Destroying... [id=c9q8uj4g73seslsf6ldf]
TestEndToEndDeploymentScenario 2025-12-08T13:58:19+03:00 logger.go:66: yandex_mdb_mysql_cluster.wp_mysql: Still destroying... [id=c9q8uj4g73seslsf6ldf, 00m10s elapsed]
TestEndToEndDeploymentScenario 2025-12-08T13:58:29+03:00 logger.go:66: yandex_mdb_mysql_cluster.wp_mysql: Still destroying... [id=c9q8uj4g73seslsf6ldf, 00m20s elapsed]
TestEndToEndDeploymentScenario 2025-12-08T13:58:39+03:00 logger.go:66: yandex_mdb_mysql_cluster.wp_mysql: Still destroying... [id=c9q8uj4g73seslsf6ldf, 00m30s elapsed]
TestEndToEndDeploymentScenario 2025-12-08T13:58:49+03:00 logger.go:66: yandex_mdb_mysql_cluster.wp_mysql: Still destroying... [id=c9q8uj4g73seslsf6ldf, 00m40s elapsed]
TestEndToEndDeploymentScenario 2025-12-08T13:58:59+03:00 logger.go:66: yandex_mdb_mysql_cluster.wp_mysql: Still destroying... [id=c9q8uj4g73seslsf6ldf, 00m50s elapsed]
TestEndToEndDeploymentScenario 2025-12-08T13:59:09+03:00 logger.go:66: yandex_mdb_mysql_cluster.wp_mysql: Still destroying... [id=c9q8uj4g73seslsf6ldf, 01m00s elapsed]
TestEndToEndDeploymentScenario 2025-12-08T13:59:19+03:00 logger.go:66: yandex_mdb_mysql_cluster.wp_mysql: Still destroying... [id=c9q8uj4g73seslsf6ldf, 01m10s elapsed]
TestEndToEndDeploymentScenario 2025-12-08T13:59:29+03:00 logger.go:66: yandex_mdb_mysql_cluster.wp_mysql: Still destroying... [id=c9q8uj4g73seslsf6ldf, 01m20s elapsed]
TestEndToEndDeploymentScenario 2025-12-08T13:59:39+03:00 logger.go:66: yandex_mdb_mysql_cluster.wp_mysql: Still destroying... [id=c9q8uj4g73seslsf6ldf, 01m30s elapsed]
TestEndToEndDeploymentScenario 2025-12-08T13:59:49+03:00 logger.go:66: yandex_mdb_mysql_cluster.wp_mysql: Still destroying... [id=c9q8uj4g73seslsf6ldf, 01m40s elapsed]
TestEndToEndDeploymentScenario 2025-12-08T13:59:59+03:00 logger.go:66: yandex_mdb_mysql_cluster.wp_mysql: Still destroying... [id=c9q8uj4g73seslsf6ldf, 01m50s elapsed]
TestEndToEndDeploymentScenario 2025-12-08T14:00:09+03:00 logger.go:66: yandex_mdb_mysql_cluster.wp_mysql: Still destroying... [id=c9q8uj4g73seslsf6ldf, 02m00s elapsed]
TestEndToEndDeploymentScenario 2025-12-08T14:00:20+03:00 logger.go:66: yandex_mdb_mysql_cluster.wp_mysql: Still destroying... [id=c9q8uj4g73seslsf6ldf, 02m10s elapsed]
TestEndToEndDeploymentScenario 2025-12-08T14:00:29+03:00 logger.go:66: yandex_mdb_mysql_cluster.wp_mysql: Destruction complete after 2m19s
TestEndToEndDeploymentScenario 2025-12-08T14:00:29+03:00 logger.go:66: yandex_vpc_subnet.wp-subnet-b: Destroying... [id=e2la2v9vk8vujd3t3q24]
TestEndToEndDeploymentScenario 2025-12-08T14:00:29+03:00 logger.go:66: yandex_vpc_subnet.wp-subnet-a: Destroying... [id=e9b6odhlaqbcsqhofo63]
TestEndToEndDeploymentScenario 2025-12-08T14:00:30+03:00 logger.go:66: yandex_vpc_subnet.wp-subnet-b: Destruction complete after 2s
TestEndToEndDeploymentScenario 2025-12-08T14:00:35+03:00 logger.go:66: yandex_vpc_subnet.wp-subnet-a: Destruction complete after 6s
TestEndToEndDeploymentScenario 2025-12-08T14:00:35+03:00 logger.go:66: yandex_vpc_network.wp-network[0]: Destroying... [id=enprk9b7r8sgrsdq10ga]
TestEndToEndDeploymentScenario 2025-12-08T14:00:36+03:00 logger.go:66: yandex_vpc_network.wp-network[0]: Destruction complete after 1s
TestEndToEndDeploymentScenario 2025-12-08T14:00:36+03:00 logger.go:66: 
TestEndToEndDeploymentScenario 2025-12-08T14:00:36+03:00 logger.go:66: Destroy complete! Resources: 10 destroyed.
TestEndToEndDeploymentScenario 2025-12-08T14:00:36+03:00 logger.go:66: 
--- PASS: TestEndToEndDeploymentScenario (922.24s)
PASS
ok      test    922.251s
zodiac@owgrant:/mnt/d/mygit/Infrastructure-as-a-code/test$ 